Component: ARM Compiler 5.06 update 6 (build 750) Tool: armlink [4d35ed]

==============================================================================

Section Cross References

    startup_stm32f103xe.o(STACK) refers (Special) to heapauxi.o(.text) for __use_two_region_memory
    startup_stm32f103xe.o(HEAP) refers (Special) to heapauxi.o(.text) for __use_two_region_memory
    startup_stm32f103xe.o(RESET) refers (Special) to heapauxi.o(.text) for __use_two_region_memory
    startup_stm32f103xe.o(RESET) refers to startup_stm32f103xe.o(STACK) for __initial_sp
    startup_stm32f103xe.o(RESET) refers to startup_stm32f103xe.o(.text) for Reset_Handler
    startup_stm32f103xe.o(RESET) refers to stm32f1xx_it.o(i.NMI_Handler) for NMI_Handler
    startup_stm32f103xe.o(RESET) refers to stm32f1xx_it.o(i.HardFault_Handler) for HardFault_Handler
    startup_stm32f103xe.o(RESET) refers to stm32f1xx_it.o(i.MemManage_Handler) for MemManage_Handler
    startup_stm32f103xe.o(RESET) refers to stm32f1xx_it.o(i.BusFault_Handler) for BusFault_Handler
    startup_stm32f103xe.o(RESET) refers to stm32f1xx_it.o(i.UsageFault_Handler) for UsageFault_Handler
    startup_stm32f103xe.o(RESET) refers to stm32f1xx_it.o(i.SVC_Handler) for SVC_Handler
    startup_stm32f103xe.o(RESET) refers to stm32f1xx_it.o(i.DebugMon_Handler) for DebugMon_Handler
    startup_stm32f103xe.o(RESET) refers to stm32f1xx_it.o(i.PendSV_Handler) for PendSV_Handler
    startup_stm32f103xe.o(RESET) refers to stm32f1xx_it.o(i.SysTick_Handler) for SysTick_Handler
    startup_stm32f103xe.o(RESET) refers to front_left.o(i.EXTI0_IRQHandler) for EXTI0_IRQHandler
    startup_stm32f103xe.o(RESET) refers to front_left.o(i.EXTI1_IRQHandler) for EXTI1_IRQHandler
    startup_stm32f103xe.o(RESET) refers to behind_right.o(i.EXTI2_IRQHandler) for EXTI2_IRQHandler
    startup_stm32f103xe.o(RESET) refers to behind_right.o(i.EXTI3_IRQHandler) for EXTI3_IRQHandler
    startup_stm32f103xe.o(RESET) refers to front_right.o(i.EXTI4_IRQHandler) for EXTI4_IRQHandler
    startup_stm32f103xe.o(RESET) refers to global.o(i.EXTI9_5_IRQHandler) for EXTI9_5_IRQHandler
    startup_stm32f103xe.o(RESET) refers to stm32f1xx_it.o(i.TIM1_CC_IRQHandler) for TIM1_CC_IRQHandler
    startup_stm32f103xe.o(RESET) refers to stm32f1xx_it.o(i.TIM4_IRQHandler) for TIM4_IRQHandler
    startup_stm32f103xe.o(RESET) refers to stm32f1xx_it.o(i.USART1_IRQHandler) for USART1_IRQHandler
    startup_stm32f103xe.o(RESET) refers to stm32f1xx_it.o(i.TIM5_IRQHandler) for TIM5_IRQHandler
    startup_stm32f103xe.o(.text) refers (Special) to heapauxi.o(.text) for __use_two_region_memory
    startup_stm32f103xe.o(.text) refers to system_stm32f1xx.o(i.SystemInit) for SystemInit
    startup_stm32f103xe.o(.text) refers to __main.o(!!!main) for __main
    startup_stm32f103xe.o(.text) refers to startup_stm32f103xe.o(HEAP) for Heap_Mem
    startup_stm32f103xe.o(.text) refers to startup_stm32f103xe.o(STACK) for Stack_Mem
    front_left.o(i.EXTI0_IRQHandler) refers to global.o(i.handler_encoder_EXTI) for handler_encoder_EXTI
    front_left.o(i.EXTI1_IRQHandler) refers to global.o(i.handler_encoder_EXTI) for handler_encoder_EXTI
    front_left.o(i.front_left_init) refers to stm32f1xx_hal_tim.o(i.HAL_TIM_PWM_Start) for HAL_TIM_PWM_Start
    front_left.o(i.front_left_init) refers to stm32f1xx_hal_tim.o(i.HAL_TIM_Base_Start_IT) for HAL_TIM_Base_Start_IT
    front_left.o(i.front_left_init) refers to main.o(.bss) for htim2
    front_right.o(i.EXTI4_IRQHandler) refers to global.o(i.handler_encoder_EXTI) for handler_encoder_EXTI
    front_right.o(i.front_right_init) refers to stm32f1xx_hal_tim.o(i.HAL_TIM_PWM_Start) for HAL_TIM_PWM_Start
    front_right.o(i.front_right_init) refers to stm32f1xx_hal_tim.o(i.HAL_TIM_Base_Start_IT) for HAL_TIM_Base_Start_IT
    front_right.o(i.front_right_init) refers to main.o(.bss) for htim2
    global.o(i.EXTI9_5_IRQHandler) refers to global.o(i.handler_encoder_EXTI) for handler_encoder_EXTI
    global.o(i.handler_encoder_EXTI) refers to main.o(.bss) for motors
    behind_left.o(i.behind_left_init) refers to stm32f1xx_hal_tim.o(i.HAL_TIM_PWM_Start) for HAL_TIM_PWM_Start
    behind_left.o(i.behind_left_init) refers to stm32f1xx_hal_tim.o(i.HAL_TIM_Base_Start_IT) for HAL_TIM_Base_Start_IT
    behind_left.o(i.behind_left_init) refers to main.o(.bss) for htim2
    behind_right.o(i.EXTI2_IRQHandler) refers to stm32f1xx_hal_gpio.o(i.HAL_GPIO_ReadPin) for HAL_GPIO_ReadPin
    behind_right.o(i.EXTI2_IRQHandler) refers to stm32f1xx_hal_gpio.o(i.HAL_GPIO_EXTI_IRQHandler) for HAL_GPIO_EXTI_IRQHandler
    behind_right.o(i.EXTI2_IRQHandler) refers to main.o(.bss) for motors
    behind_right.o(i.EXTI3_IRQHandler) refers to stm32f1xx_hal_gpio.o(i.HAL_GPIO_ReadPin) for HAL_GPIO_ReadPin
    behind_right.o(i.EXTI3_IRQHandler) refers to stm32f1xx_hal_gpio.o(i.HAL_GPIO_EXTI_IRQHandler) for HAL_GPIO_EXTI_IRQHandler
    behind_right.o(i.EXTI3_IRQHandler) refers to main.o(.bss) for motors
[...]
    x$fpl$dcheck1                            0x08005144   Section       16  dcheck1.o(x$fpl$dcheck1)
    x$fpl$dcmpinf                            0x08005154   Section       24  dcmpi.o(x$fpl$dcmpinf)
    x$fpl$ddiv                               0x0800516c   Section      688  ddiv.o(x$fpl$ddiv)
    ddiv_entry                               0x08005173   Thumb Code     0  ddiv.o(x$fpl$ddiv)
    x$fpl$deqf                               0x0800541c   Section      120  deqf.o(x$fpl$deqf)
    x$fpl$dfix                               0x08005494   Section       94  dfix.o(x$fpl$dfix)
    x$fpl$dfixu                              0x080054f4   Section       90  dfixu.o(x$fpl$dfixu)
    x$fpl$dflt                               0x0800554e   Section       46  dflt_clz.o(x$fpl$dflt)
    x$fpl$dfltu                              0x0800557c   Section       38  dflt_clz.o(x$fpl$dfltu)
    x$fpl$dleqf                              0x080055a4   Section      120  dleqf.o(x$fpl$dleqf)
    x$fpl$dmul                               0x0800561c   Section      340  dmul.o(x$fpl$dmul)
    x$fpl$dnaninf                            0x08005770   Section      156  dnaninf.o(x$fpl$dnaninf)
    x$fpl$dretinf                            0x0800580c   Section       12  dretinf.o(x$fpl$dretinf)
    x$fpl$drleqf                             0x08005818   Section      108  drleqf.o(x$fpl$drleqf)
    x$fpl$drnd                               0x08005884   Section      180  drnd.o(x$fpl$drnd)
    x$fpl$drsb                               0x08005938   Section       22  daddsub_clz.o(x$fpl$drsb)
    x$fpl$dsub                               0x08005950   Section      468  daddsub_clz.o(x$fpl$dsub)
    _dsub1                                   0x08005961   Thumb Code     0  daddsub_clz.o(x$fpl$dsub)
    x$fpl$f2d                                0x08005b24   Section       86  f2d.o(x$fpl$f2d)
    x$fpl$fadd                               0x08005b7c   Section      196  faddsub_clz.o(x$fpl$fadd)
    _fadd1                                   0x08005b8b   Thumb Code     0  faddsub_clz.o(x$fpl$fadd)
    x$fpl$fcmpinf                            0x08005c40   Section       24  fcmpi.o(x$fpl$fcmpinf)
    x$fpl$fflt                               0x08005c58   Section       48  fflt_clz.o(x$fpl$fflt)
    x$fpl$fleqf                              0x08005c88   Section      104  fleqf.o(x$fpl$fleqf)
    x$fpl$fmul                               0x08005cf0   Section      258  fmul.o(x$fpl$fmul)
    x$fpl$fnaninf                            0x08005df2   Section      140  fnaninf.o(x$fpl$fnaninf)
    x$fpl$fretinf                            0x08005e7e   Section       10  fretinf.o(x$fpl$fretinf)
    x$fpl$frleqf                             0x08005e88   Section       98  frleqf.o(x$fpl$frleqf)
    x$fpl$fsub                               0x08005eec   Section      234  faddsub_clz.o(x$fpl$fsub)
    _fsub1                                   0x08005efb   Thumb Code     0  faddsub_clz.o(x$fpl$fsub)
    x$fpl$ieeestatus                         0x08005fd6   Section        6  istatus.o(x$fpl$ieeestatus)
    x$fpl$printf1                            0x08005fdc   Section        4  printf1.o(x$fpl$printf1)
    x$fpl$retnan                             0x08005fe0   Section      100  retnan.o(x$fpl$retnan)
    x$fpl$scalbn                             0x08006044   Section       92  scalbn.o(x$fpl$scalbn)
    x$fpl$scanf1                             0x080060a0   Section        4  scanf1.o(x$fpl$scanf1)
    x$fpl$scanf2                             0x080060a4   Section        8  scanf2.o(x$fpl$scanf2)
    x$fpl$trapveneer                         0x080060ac   Section       48  trapv.o(x$fpl$trapveneer)
    .constdata                               0x080060dc   Section       18  stm32f1xx_hal_rcc.o(.constdata)
    x$fpl$usenofp                            0x080060dc   Section        0  usenofp.o(x$fpl$usenofp)
    aPredivFactorTable                       0x080060dc   Data           2  stm32f1xx_hal_rcc.o(.constdata)
    aPLLMULFactorTable                       0x080060de   Data          16  stm32f1xx_hal_rcc.o(.constdata)
    .constdata                               0x080060ee   Section       16  system_stm32f1xx.o(.constdata)
    .constdata                               0x080060fe   Section        8  system_stm32f1xx.o(.constdata)
    .constdata                               0x08006108   Section      148  bigflt0.o(.constdata)
    tenpwrs_x                                0x08006108   Data          60  bigflt0.o(.constdata)
    tenpwrs_i                                0x08006144   Data          64  bigflt0.o(.constdata)
    c$$dinf                                  0x080061bc   Section        8  fpconst.o(c$$dinf)
    c$$dmax                                  0x080061c4   Section        8  fpconst.o(c$$dmax)
    locale$$data                             0x080061cc   Section       28  lc_numeric_c.o(locale$$data)
    __lcnum_c_name                           0x080061d0   Data           2  lc_numeric_c.o(locale$$data)
    __lcnum_c_start                          0x080061d8   Data           0  lc_numeric_c.o(locale$$data)
    __lcnum_c_point                          0x080061e4   Data           0  lc_numeric_c.o(locale$$data)
    __lcnum_c_thousands                      0x080061e6   Data           0  lc_numeric_c.o(locale$$data)
    __lcnum_c_grouping                       0x080061e7   Data           0  lc_numeric_c.o(locale$$data)
    locale$$data                             0x080061e8   Section      272  lc_ctype_c.o(locale$$data)
    __lcnum_c_end                            0x080061e8   Data           0  lc_numeric_c.o(locale$$data)
    __lcctype_c_name                         0x080061ec   Data           2  lc_ctype_c.o(locale$$data)
    __lcctype_c_start                        0x080061f4   Data           0  lc_ctype_c.o(locale$$data)
    __lcctype_c_end                          0x080062f8   Data           0  lc_ctype_c.o(locale$$data)
    .data                                    0x20000000   Section       20  main.o(.data)
    .data                                    0x20000014   Section        2  main.o(.data)
    .data                                    0x20000018   Section       16  hc_sr04.o(.data)
    .data                                    0x20000028   Section       12  stm32f1xx_hal.o(.data)
    .data                                    0x20000034   Section        4  system_stm32f1xx.o(.data)
    .data                                    0x20000038   Section        4  strtok.o(.data)
    _strtok_saves1                           0x20000038   Data           4  strtok.o(.data)
    .bss                                     0x2000003c   Section     1028  main.o(.bss)
    .bss                                     0x20000440   Section       96  libspace.o(.bss)
    HEAP                                     0x200004a0   Section      512  startup_stm32f103xe.o(HEAP)
    Heap_Mem                                 0x200004a0   Data         512  startup_stm32f103xe.o(HEAP)
    STACK                                    0x200006a0   Section     1024  startup_stm32f103xe.o(STACK)
    Stack_Mem                                0x200006a0   Data        1024  startup_stm32f103xe.o(STACK)
    __initial_sp                             0x20000aa0   Data           0  startup_stm32f103xe.o(STACK)

    Global Symbols

    Symbol Name                              Value     Ov Type        Size  Object(Section)

    BuildAttributes$$THM_ISAv4$P$D$K$B$S$PE$A:L22UL41UL21$X:L11$S22US41US21$IEEE1$IW$USESV6$~STKCKD$USESV7$~SHL$OTIME$ROPI$IEEEX$EBA8$UX$STANDARDLIB$REQ8$PRES8$EABIv2 0x00000000   Number         0  anon$$obj.o ABSOLUTE
    __ARM_use_no_argv                        0x00000000   Number         0  main.o ABSOLUTE
    _printf_flags                            0x00000000   Number         0  printf_stubs.o ABSOLUTE
    _printf_return_value                     0x00000000   Number         0  printf_stubs.o ABSOLUTE
    _printf_sizespec                         0x00000000   Number         0  printf_stubs.o ABSOLUTE
    _printf_widthprec                        0x00000000   Number         0  printf_stubs.o ABSOLUTE
    __ARM_exceptions_init                     - Undefined Weak Reference
    __alloca_initialize                       - Undefined Weak Reference
    __arm_preinit_                            - Undefined Weak Reference
    __cpp_initialize__aeabi_                  - Undefined Weak Reference
    __cxa_finalize                            - Undefined Weak Reference
    __sigvec_lookup                           - Undefined Weak Reference
    _atexit_init                              - Undefined Weak Reference
    _call_atexit_fns                          - Undefined Weak Reference
    _clock_init                               - Undefined Weak Reference
    _fp_trap_init                             - Undefined Weak Reference
    _fp_trap_shutdown                         - Undefined Weak Reference
    _get_lc_collate                           - Undefined Weak Reference
    _get_lc_monetary                          - Undefined Weak Reference
    _get_lc_time                              - Undefined Weak Reference
    _getenv_init                              - Undefined Weak Reference
    _handle_redirection                       - Undefined Weak Reference
    _init_alloc                               - Undefined Weak Reference
    _init_user_alloc                          - Undefined Weak Reference
    _initio                                   - Undefined Weak Reference
    _printf_post_padding                      - Undefined Weak Reference
    _printf_pre_padding                       - Undefined Weak Reference
    _rand_init                                - Undefined Weak Reference
    _signal_finish                            - Undefined Weak Reference
    _signal_init                              - Undefined Weak Reference
    _terminate_alloc                          - Undefined Weak Reference
    _terminate_user_alloc                     - Undefined Weak Reference
    _terminateio                              - Undefined Weak Reference
    __Vectors_Size                           0x00000130   Number         0  startup_stm32f103xe.o ABSOLUTE
    __Vectors                                0x08000000   Data           4  startup_stm32f103xe.o(RESET)
    __Vectors_End                            0x08000130   Data           0  startup_stm32f103xe.o(RESET)
    __main                                   0x08000131   Thumb Code     8  __main.o(!!!main)
    __scatterload                            0x08000139   Thumb Code     0  __scatter.o(!!!scatter)
    __scatterload_rt2                        0x08000139   Thumb Code    44  __scatter.o(!!!scatter)
    __scatterload_rt2_thumb_only             0x08000139   Thumb Code     0  __scatter.o(!!!scatter)
    __scatterload_null                       0x08000147   Thumb Code     0  __scatter.o(!!!scatter)
    __scatterload_copy                       0x0800016d   Thumb Code    26  __scatter_copy.o(!!handler_copy)
    __scatterload_zeroinit                   0x08000189   Thumb Code    28  __scatter_zi.o(!!handler_zi)
    _printf_f                                0x080001a5   Thumb Code     0  _printf_f.o(.ARM.Collect$$_printf_percent$$00000003)
    _printf_percent                          0x080001a5   Thumb Code     0  _printf_percent.o(.ARM.Collect$$_printf_percent$$00000000)
    _printf_percent_end                      0x080001ab   Thumb Code     0  _printf_percent_end.o(.ARM.Collect$$_printf_percent$$00000017)
    __rt_lib_init                            0x080001af   Thumb Code     0  libinit.o(.ARM.Collect$$libinit$$00000000)
    __rt_lib_init_fp_1                       0x080001b1   Thumb Code     0  libinit2.o(.ARM.Collect$$libinit$$00000002)
    __rt_lib_init_heap_1                     0x080001b1   Thumb Code     0  libinit2.o(.ARM.Collect$$libinit$$0000000A)
    __rt_lib_init_lc_common                  0x080001b1   Thumb Code     0  libinit2.o(.ARM.Collect$$libinit$$0000000F)
    __rt_lib_init_preinit_1                  0x080001b1   Thumb Code     0  libinit2.o(.ARM.Collect$$libinit$$00000004)
    __rt_lib_init_rand_1                     0x080001b1   Thumb Code     0  libinit2.o(.ARM.Collect$$libinit$$0000000E)
    __rt_lib_init_user_alloc_1               0x080001b1   Thumb Code     0  libinit2.o(.ARM.Collect$$libinit$$0000000C)
    __rt_lib_init_lc_collate_1               0x080001b7   Thumb Code     0  libinit2.o(.ARM.Collect$$libinit$$00000011)
    __rt_lib_init_lc_ctype_2                 0x080001b7   Thumb Code     0  libinit2.o(.ARM.Collect$$libinit$$00000012)
    __rt_lib_init_lc_ctype_1                 0x080001c3   Thumb Code     0  libinit2.o(.ARM.Collect$$libinit$$00000013)
    __rt_lib_init_lc_monetary_1              0x080001c3   Thumb Code     0  libinit2.o(.ARM.Collect$$libinit$$00000015)
    __rt_lib_init_lc_numeric_2               0x080001c3   Thumb Code     0  libinit2.o(.ARM.Collect$$libinit$$00000016)
    __rt_lib_init_alloca_1                   0x080001cd   Thumb Code     0  libinit2.o(.ARM.Collect$$libinit$$0000002E)
    __rt_lib_init_argv_1                     0x080001cd   Thumb Code     0  libinit2.o(.ARM.Collect$$libinit$$0000002C)
    __rt_lib_init_atexit_1                   0x080001cd   Thumb Code     0  libinit2.o(.ARM.Collect$$libinit$$0000001B)
    __rt_lib_init_clock_1                    0x080001cd   Thumb Code     0  libinit2.o(.ARM.Collect$$libinit$$00000021)
    __rt_lib_init_cpp_1                      0x080001cd   Thumb Code     0  libinit2.o(.ARM.Collect$$libinit$$00000032)
    __rt_lib_init_exceptions_1               0x080001cd   Thumb Code     0  libinit2.o(.ARM.Collect$$libinit$$00000030)
    __rt_lib_init_fp_trap_1                  0x080001cd   Thumb Code     0  libinit2.o(.ARM.Collect$$libinit$$0000001F)
    __rt_lib_init_getenv_1                   0x080001cd   Thumb Code     0  libinit2.o(.ARM.Collect$$libinit$$00000023)
    __rt_lib_init_lc_numeric_1               0x080001cd   Thumb Code     0  libinit2.o(.ARM.Collect$$libinit$$00000017)
    __rt_lib_init_lc_time_1                  0x080001cd   Thumb Code     0  libinit2.o(.ARM.Collect$$libinit$$00000019)
    __rt_lib_init_return                     0x080001cd   Thumb Code     0  libinit2.o(.ARM.Collect$$libinit$$00000033)
    __rt_lib_init_signal_1                   0x080001cd   Thumb Code     0  libinit2.o(.ARM.Collect$$libinit$$0000001D)
    __rt_lib_init_stdio_1                    0x080001cd   Thumb Code     0  libinit2.o(.ARM.Collect$$libinit$$00000025)
    __rt_lib_shutdown                        0x080001cf   Thumb Code     0  libshutdown.o(.ARM.Collect$$libshutdown$$00000000)
    __rt_lib_shutdown_cpp_1                  0x080001d1   Thumb Code     0  libshutdown2.o(.ARM.Collect$$libshutdown$$00000002)
    __rt_lib_shutdown_fp_trap_1              0x080001d1   Thumb Code     0  libshutdown2.o(.ARM.Collect$$libshutdown$$00000007)
    __rt_lib_shutdown_heap_1                 0x080001d1   Thumb Code     0  libshutdown2.o(.ARM.Collect$$libshutdown$$0000000F)
    __rt_lib_shutdown_return                 0x080001d1   Thumb Code     0  libshutdown2.o(.ARM.Collect$$libshutdown$$00000010)
    __rt_lib_shutdown_signal_1               0x080001d1   Thumb Code     0  libshutdown2.o(.ARM.Collect$$libshutdown$$0000000A)
    __rt_lib_shutdown_stdio_1                0x080001d1   Thumb Code     0  libshutdown2.o(.ARM.Collect$$libshutdown$$00000004)
    __rt_lib_shutdown_user_alloc_1           0x080001d1   Thumb Code     0  libshutdown2.o(.ARM.Collect$$libshutdown$$0000000C)
    __rt_entry                               0x080001d3   Thumb Code     0  __rtentry.o(.ARM.Collect$$rtentry$$00000000)
    __rt_entry_presh_1                       0x080001d3   Thumb Code     0  __rtentry2.o(.ARM.Collect$$rtentry$$00000002)
    __rt_entry_sh                            0x080001d3   Thumb Code     0  __rtentry4.o(.ARM.Collect$$rtentry$$00000004)
    __rt_entry_li                            0x080001d9   Thumb Code     0  __rtentry2.o(.ARM.Collect$$rtentry$$0000000A)
    __rt_entry_postsh_1                      0x080001d9   Thumb Code     0  __rtentry2.o(.ARM.Collect$$rtentry$$00000009)
    __rt_entry_main                          0x080001dd   Thumb Code     0  __rtentry2.o(.ARM.Collect$$rtentry$$0000000D)
    __rt_entry_postli_1                      0x080001dd   Thumb Code     0  __rtentry2.o(.ARM.Collect$$rtentry$$0000000C)
    __rt_exit                                0x080001e5   Thumb Code     0  rtexit.o(.ARM.Collect$$rtexit$$00000000)
    __rt_exit_ls                             0x080001e7   Thumb Code     0  rtexit2.o(.ARM.Collect$$rtexit$$00000003)
    __rt_exit_prels_1                        0x080001e7   Thumb Code     0  rtexit2.o(.ARM.Collect$$rtexit$$00000002)
    __rt_exit_exit                           0x080001eb   Thumb Code     0  rtexit2.o(.ARM.Collect$$rtexit$$00000004)
    Reset_Handler                            0x080001f1   Thumb Code     8  startup_stm32f103xe.o(.text)
    ADC1_2_IRQHandler                        0x0800020b   Thumb Code     0  startup_stm32f103xe.o(.text)
    ADC3_IRQHandler                          0x0800020b   Thumb Code     0  startup_stm32f103xe.o(.text)
    CAN1_RX1_IRQHandler                      0x0800020b   Thumb Code     0  startup_stm32f103xe.o(.text)
    CAN1_SCE_IRQHandler                      0x0800020b   Thumb Code     0  startup_stm32f103xe.o(.text)
    DMA1_Channel1_IRQHandler                 0x0800020b   Thumb Code     0  startup_stm32f103xe.o(.text)
    DMA1_Channel2_IRQHandler                 0x0800020b   Thumb Code     0  startup_stm32f103xe.o(.text)
    DMA1_Channel3_IRQHandler                 0x0800020b   Thumb Code     0  startup_stm32f103xe.o(.text)
    DMA1_Channel4_IRQHandler                 0x0800020b   Thumb Code     0  startup_stm32f103xe.o(.text)
    DMA1_Channel5_IRQHandler                 0x0800020b   Thumb Code     0  startup_stm32f103xe.o(.text)
    DMA1_Channel6_IRQHandler                 0x0800020b   Thumb Code     0  startup_stm32f103xe.o(.text)
    DMA1_Channel7_IRQHandler                 0x0800020b   Thumb Code     0  startup_stm32f103xe.o(.text)
    DMA2_Channel1_IRQHandler                 0x0800020b   Thumb Code     0  startup_stm32f103xe.o(.text)
    DMA2_Channel2_IRQHandler                 0x0800020b   Thumb Code     0  startup_stm32f103xe.o(.text)
    DMA2_Channel3_IRQHandler                 0x0800020b   Thumb Code     0  startup_stm32f103xe.o(.text)
    DMA2_Channel4_5_IRQHandler               0x0800020b   Thumb Code     0  startup_stm32f103xe.o(.text)
    EXTI15_10_IRQHandler                     0x0800020b   Thumb Code     0  startup_stm32f103xe.o(.text)
    FLASH_IRQHandler                         0x0800020b   Thumb Code     0  startup_stm32f103xe.o(.text)
    FSMC_IRQHandler                          0x0800020b   Thumb Code     0  startup_stm32f103xe.o(.text)
    I2C1_ER_IRQHandler                       0x0800020b   Thumb Code     0  startup_stm32f103xe.o(.text)
    I2C1_EV_IRQHandler                       0x0800020b   Thumb Code     0  startup_stm32f103xe.o(.text)
    I2C2_ER_IRQHandler                       0x0800020b   Thumb Code     0  startup_stm32f103xe.o(.text)
    I2C2_EV_IRQHandler                       0x0800020b   Thumb Code     0  startup_stm32f103xe.o(.text)
    PVD_IRQHandler                           0x0800020b   Thumb Code     0  startup_stm32f103xe.o(.text)
    RCC_IRQHandler                           0x0800020b   Thumb Code     0  startup_stm32f103xe.o(.text)
    RTC_Alarm_IRQHandler                     0x0800020b   Thumb Code     0  startup_stm32f103xe.o(.text)
    RTC_IRQHandler                           0x0800020b   Thumb Code     0  startup_stm32f103xe.o(.text)
    SDIO_IRQHandler                          0x0800020b   Thumb Code     0  startup_stm32f103xe.o(.text)
    SPI1_IRQHandler                          0x0800020b   Thumb Code     0  startup_stm32f103xe.o(.text)
    SPI2_IRQHandler                          0x0800020b   Thumb Code     0  startup_stm32f103xe.o(.text)
    SPI3_IRQHandler                          0x0800020b   Thumb Code     0  startup_stm32f103xe.o(.text)
    TAMPER_IRQHandler                        0x0800020b   Thumb Code     0  startup_stm32f103xe.o(.text)
    TIM1_BRK_IRQHandler                      0x0800020b   Thumb Code     0  startup_stm32f103xe.o(.text)
    TIM1_TRG_COM_IRQHandler                  0x0800020b   Thumb Code     0  startup_stm32f103xe.o(.text)
    TIM1_UP_IRQHandler                       0x0800020b   Thumb Code     0  startup_stm32f103xe.o(.text)
    TIM2_IRQHandler                          0x0800020b   Thumb Code     0  startup_stm32f103xe.o(.text)
    TIM3_IRQHandler                          0x0800020b   Thumb Code     0  startup_stm32f103xe.o(.text)
    TIM6_IRQHandler                          0x0800020b   Thumb Code     0  startup_stm32f103xe.o(.text)
    TIM7_IRQHandler                          0x0800020b   Thumb Code     0  startup_stm32f103xe.o(.text)
    TIM8_BRK_IRQHandler                      0x0800020b   Thumb Code     0  startup_stm32f103xe.o(.text)
    TIM8_CC_IRQHandler                       0x0800020b   Thumb Code     0  startup_stm32f103xe.o(.text)
    TIM8_TRG_COM_IRQHandler                  0x0800020b   Thumb Code     0  startup_stm32f103xe.o(.text)
    TIM8_UP_IRQHandler                       0x0800020b   Thumb Code     0  startup_stm32f103xe.o(.text)
    UART4_IRQHandler                         0x0800020b   Thumb Code     0  startup_stm32f103xe.o(.text)
    UART5_IRQHandler                         0x0800020b   Thumb Code     0  startup_stm32f103xe.o(.text)
    USART2_IRQHandler                        0x0800020b   Thumb Code     0  startup_stm32f103xe.o(.text)
    USART3_IRQHandler                        0x0800020b   Thumb Code     0  startup_stm32f103xe.o(.text)
    USBWakeUp_IRQHandler                     0x0800020b   Thumb Code     0  startup_stm32f103xe.o(.text)
    USB_HP_CAN1_TX_IRQHandler                0x0800020b   Thumb Code     0  startup_stm32f103xe.o(.text)
    USB_LP_CAN1_RX0_IRQHandler               0x0800020b   Thumb Code     0  startup_stm32f103xe.o(.text)
    WWDG_IRQHandler                          0x0800020b   Thumb Code     0  startup_stm32f103xe.o(.text)
    __user_initial_stackheap                 0x0800020d   Thumb Code     0  startup_stm32f103xe.o(.text)
    __2snprintf                              0x08000231   Thumb Code    48  noretval__2snprintf.o(.text)
    __printf                                 0x08000265   Thumb Code   270  __printf_wp.o(.text)
    strtok                                   0x08000375   Thumb Code     6  strtok.o(.text)
    strcpy                                   0x08000381   Thumb Code    72  strcpy.o(.text)
    strlen                                   0x080003c9   Thumb Code    62  strlen.o(.text)
    strcat                                   0x08000407   Thumb Code    24  strcat.o(.text)
    __aeabi_memclr4                          0x0800041f   Thumb Code     0  rt_memclr_w.o(.text)
    __aeabi_memclr8                          0x0800041f   Thumb Code     0  rt_memclr_w.o(.text)
    __rt_memclr_w                            0x0800041f   Thumb Code    78  rt_memclr_w.o(.text)
    _memset_w                                0x08000423   Thumb Code     0  rt_memclr_w.o(.text)
    __use_two_region_memory                  0x0800046d   Thumb Code     2  heapauxi.o(.text)
    __rt_heap_escrow$2region                 0x0800046f   Thumb Code     2  heapauxi.o(.text)
    __rt_heap_expand$2region                 0x08000471   Thumb Code     2  heapauxi.o(.text)
    __read_errno                             0x08000473   Thumb Code    10  _rserrno.o(.text)
    __set_errno                              0x0800047d   Thumb Code    12  _rserrno.o(.text)
    __lib_sel_fp_printf                      0x08000489   Thumb Code     2  _printf_fp_dec.o(.text)
    _printf_fp_dec_real                      0x0800063b   Thumb Code   620  _printf_fp_dec.o(.text)
    _printf_char_common                      0x080008b3   Thumb Code    32  _printf_char_common.o(.text)
    _sputc                                   0x080008d9   Thumb Code    10  _sputc.o(.text)
    _snputc                                  0x080008e3   Thumb Code    16  _snputc.o(.text)
    __strtod_int                             0x08000931   Thumb Code    90  strtod.o(.text)
    __strtok_internal                        0x08000999   Thumb Code    64  strtok_int.o(.text)
    __rt_locale                              0x080009dd   Thumb Code     8  rt_locale_intlibspace.o(.text)
    __aeabi_errno_addr                       0x080009e5   Thumb Code     8  rt_errno_addr_intlibspace.o(.text)
    __errno$intlibspace                      0x080009e5   Thumb Code     0  rt_errno_addr_intlibspace.o(.text)
    __rt_errno_addr$intlibspace              0x080009e5   Thumb Code     0  rt_errno_addr_intlibspace.o(.text)
    _ll_udiv10                               0x080009ed   Thumb Code   138  lludiv10.o(.text)
    isspace                                  0x08000a77   Thumb Code    18  isspace.o(.text)
    _printf_fp_infnan                        0x08000a89   Thumb Code   112  _printf_fp_infnan.o(.text)
    _sgetc                                   0x08000b09   Thumb Code    30  _sgetc.o(.text)
    _sbackspace                              0x08000b27   Thumb Code    34  _sgetc.o(.text)
    _btod_etento                             0x08000b49   Thumb Code   224  bigflt0.o(.text)
    strcspn                                  0x08000c2d   Thumb Code    32  strcspn.o(.text)
    strspn                                   0x08000c4d   Thumb Code    28  strspn.o(.text)
    __user_libspace                          0x08000c69   Thumb Code     8  libspace.o(.text)
    __user_perproc_libspace                  0x08000c69   Thumb Code     0  libspace.o(.text)
    __user_perthread_libspace                0x08000c69   Thumb Code     0  libspace.o(.text)
    __user_setup_stackheap                   0x08000c71   Thumb Code    74  sys_stackheap_outer.o(.text)
    __rt_ctype_table                         0x08000cbd   Thumb Code    16  rt_ctype_table.o(.text)
    _scanf_really_real                       0x08000f19   Thumb Code   684  scanf_fp.o(.text)
    exit                                     0x080011c5   Thumb Code    18  exit.o(.text)
    strcmp                                   0x080011d9   Thumb Code   128  strcmpv7m.o(.text)
    _scanf_really_hex_real                   0x08001259   Thumb Code   786  scanf_hexfp.o(.text)
    _scanf_really_infnan                     0x08001579   Thumb Code   292  scanf_infnan.o(.text)
    _sys_exit                                0x080016ad   Thumb Code     8  sys_exit.o(.text)
    __aeabi_llsl                             0x080016b9   Thumb Code     0  llshl.o(.text)
    _ll_shift_l                              0x080016b9   Thumb Code    38  llshl.o(.text)
    _chval                                   0x080016df   Thumb Code    28  _chval.o(.text)
    __I$use$semihosting                      0x080016fb   Thumb Code     0  use_no_semi.o(.text)
    __use_no_semihosting_swi                 0x080016fb   Thumb Code     2  use_no_semi.o(.text)
    __semihosting_library_function           0x080016fd   Thumb Code     0  indicate_semi.o(.text)
    _btod_d2e                                0x080016fd   Thumb Code    62  btod.o(CL$$btod_d2e)
    _d2e_denorm_low                          0x0800173b   Thumb Code    70  btod.o(CL$$btod_d2e_denorm_low)
    _d2e_norm_op1                            0x08001781   Thumb Code    96  btod.o(CL$$btod_d2e_norm_op1)
    __btod_div_common                        0x080017e1   Thumb Code   696  btod.o(CL$$btod_div_common)
    _e2d                                     0x08001b19   Thumb Code   122  btod.o(CL$$btod_e2d)
    _e2e                                     0x08001b9d   Thumb Code   220  btod.o(CL$$btod_e2e)
    _btod_ediv                               0x08001c79   Thumb Code    42  btod.o(CL$$btod_ediv)
    _btod_edivd                              0x08001ca3   Thumb Code    42  btod.o(CL$$btod_edivd)
    _btod_emul                               0x08001ccd   Thumb Code    42  btod.o(CL$$btod_emul)
    _btod_emuld                              0x08001cf7   Thumb Code    42  btod.o(CL$$btod_emuld)
    __btod_mult_common                       0x08001d21   Thumb Code   580  btod.o(CL$$btod_mult_common)
    BusFault_Handler                         0x08001f65   Thumb Code     2  stm32f1xx_it.o(i.BusFault_Handler)
    DebugMon_Handler                         0x08001f67   Thumb Code     2  stm32f1xx_it.o(i.DebugMon_Handler)
    Digital_Input                            0x08001f69   Thumb Code     8  gp_drive.o(i.Digital_Input)
    EXTI0_IRQHandler                         0x08001f71   Thumb Code    24  front_left.o(i.EXTI0_IRQHandler)
    EXTI1_IRQHandler                         0x08001f8d   Thumb Code    24  front_left.o(i.EXTI1_IRQHandler)
    EXTI2_IRQHandler                         0x08001fa9   Thumb Code   166  behind_right.o(i.EXTI2_IRQHandler)
    EXTI3_IRQHandler                         0x0800205d   Thumb Code   166  behind_right.o(i.EXTI3_IRQHandler)
    EXTI4_IRQHandler                         0x08002111   Thumb Code    24  front_right.o(i.EXTI4_IRQHandler)
    EXTI9_5_IRQHandler                       0x0800212d   Thumb Code    78  global.o(i.EXTI9_5_IRQHandler)
    HAL_DMA_Abort                            0x08002181   Thumb Code    70  stm32f1xx_hal_dma.o(i.HAL_DMA_Abort)
    HAL_DMA_Abort_IT                         0x080021c9   Thumb Code   296  stm32f1xx_hal_dma.o(i.HAL_DMA_Abort_IT)
    HAL_Delay                                0x080022f9   Thumb Code    32  stm32f1xx_hal.o(i.HAL_Delay)
    HAL_GPIO_EXTI_Callback                   0x0800231d   Thumb Code     2  stm32f1xx_hal_gpio.o(i.HAL_GPIO_EXTI_Callback)
    HAL_GPIO_EXTI_IRQHandler                 0x08002321   Thumb Code    18  stm32f1xx_hal_gpio.o(i.HAL_GPIO_EXTI_IRQHandler)
    HAL_GPIO_Init                            0x08002339   Thumb Code   462  stm32f1xx_hal_gpio.o(i.HAL_GPIO_Init)
    HAL_GPIO_ReadPin                         0x08002531   Thumb Code    10  stm32f1xx_hal_gpio.o(i.HAL_GPIO_ReadPin)
    HAL_GPIO_WritePin                        0x0800253b   Thumb Code    10  stm32f1xx_hal_gpio.o(i.HAL_GPIO_WritePin)
    HAL_GetTick                              0x08002545   Thumb Code     6  stm32f1xx_hal.o(i.HAL_GetTick)
    HAL_IncTick                              0x08002551   Thumb Code    12  stm32f1xx_hal.o(i.HAL_IncTick)
    HAL_Init                                 0x08002561   Thumb Code    32  stm32f1xx_hal.o(i.HAL_Init)
    HAL_InitTick                             0x08002585   Thumb Code    54  stm32f1xx_hal.o(i.HAL_InitTick)
    HAL_MspInit                              0x080025c5   Thumb Code    52  stm32f1xx_hal_msp.o(i.HAL_MspInit)
    HAL_NVIC_EnableIRQ                       0x08002601   Thumb Code    26  stm32f1xx_hal_cortex.o(i.HAL_NVIC_EnableIRQ)
    HAL_NVIC_SetPriority                     0x0800261d   Thumb Code    60  stm32f1xx_hal_cortex.o(i.HAL_NVIC_SetPriority)
    HAL_NVIC_SetPriorityGrouping             0x0800265d   Thumb Code    26  stm32f1xx_hal_cortex.o(i.HAL_NVIC_SetPriorityGrouping)
    HAL_RCC_ClockConfig                      0x08002681   Thumb Code   280  stm32f1xx_hal_rcc.o(i.HAL_RCC_ClockConfig)
    HAL_RCC_GetPCLK1Freq                     0x080027ad   Thumb Code    20  stm32f1xx_hal_rcc.o(i.HAL_RCC_GetPCLK1Freq)
    HAL_RCC_GetPCLK2Freq                     0x080027cd   Thumb Code    20  stm32f1xx_hal_rcc.o(i.HAL_RCC_GetPCLK2Freq)
    HAL_RCC_GetSysClockFreq                  0x080027ed   Thumb Code    58  stm32f1xx_hal_rcc.o(i.HAL_RCC_GetSysClockFreq)
    HAL_RCC_OscConfig                        0x08002839   Thumb Code   778  stm32f1xx_hal_rcc.o(i.HAL_RCC_OscConfig)
    HAL_SYSTICK_Config                       0x08002b59   Thumb Code    40  stm32f1xx_hal_cortex.o(i.HAL_SYSTICK_Config)
    HAL_TIMEx_BreakCallback                  0x08002b81   Thumb Code     2  stm32f1xx_hal_tim_ex.o(i.HAL_TIMEx_BreakCallback)
    HAL_TIMEx_CommutCallback                 0x08002b83   Thumb Code     2  stm32f1xx_hal_tim_ex.o(i.HAL_TIMEx_CommutCallback)
    HAL_TIMEx_MasterConfigSynchronization    0x08002b85   Thumb Code   104  stm32f1xx_hal_tim_ex.o(i.HAL_TIMEx_MasterConfigSynchronization)
    HAL_TIM_Base_Init                        0x08002c01   Thumb Code    90  stm32f1xx_hal_tim.o(i.HAL_TIM_Base_Init)
    HAL_TIM_Base_MspInit                     0x08002c5d   Thumb Code   160  stm32f1xx_hal_msp.o(i.HAL_TIM_Base_MspInit)
    HAL_TIM_Base_Start_IT                    0x08002d11   Thumb Code    88  stm32f1xx_hal_tim.o(i.HAL_TIM_Base_Start_IT)
    HAL_TIM_ConfigClockSource                0x08002d7d   Thumb Code   220  stm32f1xx_hal_tim.o(i.HAL_TIM_ConfigClockSource)
    HAL_TIM_IC_CaptureCallback               0x08002e59   Thumb Code   160  hc_sr04.o(i.HAL_TIM_IC_CaptureCallback)
    HAL_TIM_IC_ConfigChannel                 0x08002f0d   Thumb Code   292  stm32f1xx_hal_tim.o(i.HAL_TIM_IC_ConfigChannel)
    HAL_TIM_IC_Init                          0x08003031   Thumb Code    90  stm32f1xx_hal_tim.o(i.HAL_TIM_IC_Init)
    HAL_TIM_IC_MspInit                       0x0800308b   Thumb Code     2  stm32f1xx_hal_tim.o(i.HAL_TIM_IC_MspInit)
    HAL_TIM_IC_Start_IT                      0x0800308d   Thumb Code   228  stm32f1xx_hal_tim.o(i.HAL_TIM_IC_Start_IT)
    HAL_TIM_IRQHandler                       0x08003185   Thumb Code   304  stm32f1xx_hal_tim.o(i.HAL_TIM_IRQHandler)
    HAL_TIM_MspPostInit                      0x080032b5   Thumb Code   158  stm32f1xx_hal_msp.o(i.HAL_TIM_MspPostInit)
    HAL_TIM_OC_DelayElapsedCallback          0x08003369   Thumb Code     2  stm32f1xx_hal_tim.o(i.HAL_TIM_OC_DelayElapsedCallback)
    HAL_TIM_PWM_ConfigChannel                0x0800336b   Thumb Code   204  stm32f1xx_hal_tim.o(i.HAL_TIM_PWM_ConfigChannel)
    HAL_TIM_PWM_Init                         0x08003437   Thumb Code    90  stm32f1xx_hal_tim.o(i.HAL_TIM_PWM_Init)
    HAL_TIM_PWM_MspInit                      0x08003491   Thumb Code    52  stm32f1xx_hal_msp.o(i.HAL_TIM_PWM_MspInit)
    HAL_TIM_PWM_PulseFinishedCallback        0x080034cd   Thumb Code     2  stm32f1xx_hal_tim.o(i.HAL_TIM_PWM_PulseFinishedCallback)
    HAL_TIM_PWM_Start                        0x080034d1   Thumb Code   160  stm32f1xx_hal_tim.o(i.HAL_TIM_PWM_Start)
    HAL_TIM_PeriodElapsedCallback            0x08003585   Thumb Code   420  main.o(i.HAL_TIM_PeriodElapsedCallback)
    HAL_TIM_ReadCapturedValue                0x08003759   Thumb Code    42  stm32f1xx_hal_tim.o(i.HAL_TIM_ReadCapturedValue)
    HAL_TIM_TriggerCallback                  0x08003783   Thumb Code     2  stm32f1xx_hal_tim.o(i.HAL_TIM_TriggerCallback)
    HAL_UARTEx_RxEventCallback               0x08003785   Thumb Code     2  stm32f1xx_hal_uart.o(i.HAL_UARTEx_RxEventCallback)
    HAL_UART_ErrorCallback                   0x08003787   Thumb Code     2  stm32f1xx_hal_uart.o(i.HAL_UART_ErrorCallback)
    HAL_UART_IRQHandler                      0x08003789   Thumb Code   616  stm32f1xx_hal_uart.o(i.HAL_UART_IRQHandler)
    HAL_UART_Init                            0x080039f5   Thumb Code   100  stm32f1xx_hal_uart.o(i.HAL_UART_Init)
    HAL_UART_MspInit                         0x08003a59   Thumb Code   116  stm32f1xx_hal_msp.o(i.HAL_UART_MspInit)
    HAL_UART_Receive_IT                      0x08003ad9   Thumb Code    28  stm32f1xx_hal_uart.o(i.HAL_UART_Receive_IT)
    HAL_UART_RxCpltCallback                  0x08003af5   Thumb Code    36  main.o(i.HAL_UART_RxCpltCallback)
    HAL_UART_Transmit                        0x08003b25   Thumb Code   160  stm32f1xx_hal_uart.o(i.HAL_UART_Transmit)
    HAL_UART_TxCpltCallback                  0x08003bc5   Thumb Code     2  stm32f1xx_hal_uart.o(i.HAL_UART_TxCpltCallback)
    HardFault_Handler                        0x08003bc7   Thumb Code     2  stm32f1xx_it.o(i.HardFault_Handler)
    MemManage_Handler                        0x08003f75   Thumb Code     2  stm32f1xx_it.o(i.MemManage_Handler)
    NMI_Handler                              0x08003f77   Thumb Code     2  stm32f1xx_it.o(i.NMI_Handler)
    PIDVel                                   0x08003f79   Thumb Code   230  main.o(i.PIDVel)
    PendSV_Handler                           0x08004071   Thumb Code     2  stm32f1xx_it.o(i.PendSV_Handler)
    R_GP                                     0x08004075   Thumb Code    36  gp_drive.o(i.R_GP)
    SVC_Handler                              0x080040a5   Thumb Code     2  stm32f1xx_it.o(i.SVC_Handler)
    SendMotorVelocities                      0x080040a9   Thumb Code    98  main.o(i.SendMotorVelocities)
    SysTick_Handler                          0x08004135   Thumb Code     4  stm32f1xx_it.o(i.SysTick_Handler)
    SystemClock_Config                       0x08004139   Thumb Code    96  main.o(i.SystemClock_Config)
    SystemInit                               0x08004199   Thumb Code     2  system_stm32f1xx.o(i.SystemInit)
    TIM1_CC_IRQHandler                       0x0800419d   Thumb Code     6  stm32f1xx_it.o(i.TIM1_CC_IRQHandler)
    TIM4_IRQHandler                          0x080041a9   Thumb Code     6  stm32f1xx_it.o(i.TIM4_IRQHandler)
    TIM5_IRQHandler                          0x080041b5   Thumb Code     6  stm32f1xx_it.o(i.TIM5_IRQHandler)
    TIM_Base_SetConfig                       0x080041c1   Thumb Code   134  stm32f1xx_hal_tim.o(i.TIM_Base_SetConfig)
    TIM_CCxChannelCmd                        0x0800425d   Thumb Code    26  stm32f1xx_hal_tim.o(i.TIM_CCxChannelCmd)
    TIM_ETR_SetConfig                        0x08004277   Thumb Code    20  stm32f1xx_hal_tim.o(i.TIM_ETR_SetConfig)
    TIM_OC2_SetConfig                        0x080042fd   Thumb Code    98  stm32f1xx_hal_tim.o(i.TIM_OC2_SetConfig)
    TIM_TI1_SetConfig                        0x08004445   Thumb Code    88  stm32f1xx_hal_tim.o(i.TIM_TI1_SetConfig)
    UART_Start_Receive_IT                    0x080046e5   Thumb Code    54  stm32f1xx_hal_uart.o(i.UART_Start_Receive_IT)
    USART1_IRQHandler                        0x0800478d   Thumb Code     6  stm32f1xx_it.o(i.USART1_IRQHandler)
    UsageFault_Handler                       0x08004799   Thumb Code     2  stm32f1xx_it.o(i.UsageFault_Handler)
    __ARM_fpclassify                         0x0800479b   Thumb Code    40  fpclassify.o(i.__ARM_fpclassify)
    __mathlib_dbl_overflow                   0x080047fd   Thumb Code    14  dunder.o(i.__mathlib_dbl_overflow)
    __mathlib_dbl_underflow                  0x0800480d   Thumb Code    10  dunder.o(i.__mathlib_dbl_underflow)
    __mathlib_narrow                         0x0800481d   Thumb Code    16  narrow.o(i.__mathlib_narrow)
    __mathlib_tofloat                        0x0800482d   Thumb Code   184  narrow.o(i.__mathlib_tofloat)
    __support_ldexp                          0x080048e9   Thumb Code    22  ldexp.o(i.__support_ldexp)
    _is_digit                                0x080048ff   Thumb Code    14  __printf_wp.o(i._is_digit)
    atof                                     0x0800490d   Thumb Code    42  atof.o(i.atof)
    behind_left_init                         0x08004939   Thumb Code    26  behind_left.o(i.behind_left_init)
    behind_right_init                        0x08004961   Thumb Code    26  behind_right.o(i.behind_right_init)
    config_EXTI                              0x08004989   Thumb Code    70  main.o(i.config_EXTI)
    frexp                                    0x080049d9   Thumb Code    80  frexp.o(i.frexp)
    front_left_init                          0x08004a31   Thumb Code    26  front_left.o(i.front_left_init)
    front_right_init                         0x08004a59   Thumb Code    26  front_right.o(i.front_right_init)
    handler_encoder_EXTI                     0x08004a81   Thumb Code   124  global.o(i.handler_encoder_EXTI)
    init_GP                                  0x08004b05   Thumb Code   100  gp_drive.o(i.init_GP)
    ldexp                                    0x08004b79   Thumb Code   116  ldexp.o(i.ldexp)
    main                                     0x08004bed   Thumb Code   472  main.o(i.main)
    process_string                           0x08004e15   Thumb Code   138  main.o(i.process_string)
    round                                    0x08004ea5   Thumb Code   136  round.o(i.round)
    _get_lc_numeric                          0x08004f39   Thumb Code    44  lc_numeric_c.o(locale$$code)
    _get_lc_ctype                            0x08004f65   Thumb Code    44  lc_ctype_c.o(locale$$code)
    __aeabi_d2f                              0x08004f91   Thumb Code     0  d2f.o(x$fpl$d2f)
    _d2f                                     0x08004f91   Thumb Code    98  d2f.o(x$fpl$d2f)
    __aeabi_dadd                             0x08004ff5   Thumb Code     0  daddsub_clz.o(x$fpl$dadd)
    _dadd                                    0x08004ff5   Thumb Code   332  daddsub_clz.o(x$fpl$dadd)
    __fpl_dcheck_NaN1                        0x08005145   Thumb Code    10  dcheck1.o(x$fpl$dcheck1)
    __fpl_dcmp_Inf                           0x08005155   Thumb Code    24  dcmpi.o(x$fpl$dcmpinf)
    __aeabi_ddiv                             0x0800516d   Thumb Code     0  ddiv.o(x$fpl$ddiv)
    _ddiv                                    0x0800516d   Thumb Code   552  ddiv.o(x$fpl$ddiv)
    __aeabi_cdcmpeq                          0x0800541d   Thumb Code     0  deqf.o(x$fpl$deqf)
    _dcmpeq                                  0x0800541d   Thumb Code   120  deqf.o(x$fpl$deqf)
    __aeabi_d2iz                             0x08005495   Thumb Code     0  dfix.o(x$fpl$dfix)
    _dfix                                    0x08005495   Thumb Code    94  dfix.o(x$fpl$dfix)
    __aeabi_d2uiz                            0x080054f5   Thumb Code     0  dfixu.o(x$fpl$dfixu)
    _dfixu                                   0x080054f5   Thumb Code    90  dfixu.o(x$fpl$dfixu)
    __aeabi_i2d                              0x0800554f   Thumb Code     0  dflt_clz.o(x$fpl$dflt)
    _dflt                                    0x0800554f   Thumb Code    46  dflt_clz.o(x$fpl$dflt)
    __aeabi_ui2d                             0x0800557d   Thumb Code     0  dflt_clz.o(x$fpl$dfltu)
    _dfltu                                   0x0800557d   Thumb Code    38  dflt_clz.o(x$fpl$dfltu)
    __aeabi_cdcmple                          0x080055a5   Thumb Code     0  dleqf.o(x$fpl$dleqf)
    _dcmple                                  0x080055a5   Thumb Code   120  dleqf.o(x$fpl$dleqf)
    __fpl_dcmple_InfNaN                      0x08005607   Thumb Code     0  dleqf.o(x$fpl$dleqf)
    __aeabi_dmul                             0x0800561d   Thumb Code     0  dmul.o(x$fpl$dmul)
    _dmul                                    0x0800561d   Thumb Code   332  dmul.o(x$fpl$dmul)
    __fpl_dnaninf                            0x08005771   Thumb Code   156  dnaninf.o(x$fpl$dnaninf)
    __fpl_dretinf                            0x0800580d   Thumb Code    12  dretinf.o(x$fpl$dretinf)
    __aeabi_cdrcmple                         0x08005819   Thumb Code     0  drleqf.o(x$fpl$drleqf)
    _drcmple                                 0x08005819   Thumb Code   108  drleqf.o(x$fpl$drleqf)
    _drnd                                    0x08005885   Thumb Code   180  drnd.o(x$fpl$drnd)
    __aeabi_drsub                            0x08005939   Thumb Code     0  daddsub_clz.o(x$fpl$drsb)
    _drsb                                    0x08005939   Thumb Code    22  daddsub_clz.o(x$fpl$drsb)
    __aeabi_dsub                             0x08005951   Thumb Code     0  daddsub_clz.o(x$fpl$dsub)
    _dsub                                    0x08005951   Thumb Code   464  daddsub_clz.o(x$fpl$dsub)
    __aeabi_f2d                              0x08005b25   Thumb Code     0  f2d.o(x$fpl$f2d)
    _f2d                                     0x08005b25   Thumb Code    86  f2d.o(x$fpl$f2d)
    __aeabi_fadd                             0x08005b7d   Thumb Code     0  faddsub_clz.o(x$fpl$fadd)
    _fadd                                    0x08005b7d   Thumb Code   196  faddsub_clz.o(x$fpl$fadd)
    __fpl_fcmp_Inf                           0x08005c41   Thumb Code    24  fcmpi.o(x$fpl$fcmpinf)
    __aeabi_i2f                              0x08005c59   Thumb Code     0  fflt_clz.o(x$fpl$fflt)
    _fflt                                    0x08005c59   Thumb Code    48  fflt_clz.o(x$fpl$fflt)
    __aeabi_cfcmple                          0x08005c89   Thumb Code     0  fleqf.o(x$fpl$fleqf)
    _fcmple                                  0x08005c89   Thumb Code   104  fleqf.o(x$fpl$fleqf)
    __fpl_fcmple_InfNaN                      0x08005cdb   Thumb Code     0  fleqf.o(x$fpl$fleqf)
    __aeabi_fmul                             0x08005cf1   Thumb Code     0  fmul.o(x$fpl$fmul)
    _fmul                                    0x08005cf1   Thumb Code   258  fmul.o(x$fpl$fmul)
    __fpl_fnaninf                            0x08005df3   Thumb Code   140  fnaninf.o(x$fpl$fnaninf)
    __fpl_fretinf                            0x08005e7f   Thumb Code    10  fretinf.o(x$fpl$fretinf)
    __aeabi_cfrcmple                         0x08005e89   Thumb Code     0  frleqf.o(x$fpl$frleqf)
    _frcmple                                 0x08005e89   Thumb Code    98  frleqf.o(x$fpl$frleqf)
    __aeabi_fsub                             0x08005eed   Thumb Code     0  faddsub_clz.o(x$fpl$fsub)
    _fsub                                    0x08005eed   Thumb Code   234  faddsub_clz.o(x$fpl$fsub)
    __ieee_status                            0x08005fd7   Thumb Code     6  istatus.o(x$fpl$ieeestatus)
    _printf_fp_dec                           0x08005fdd   Thumb Code     4  printf1.o(x$fpl$printf1)
    __fpl_return_NaN                         0x08005fe1   Thumb Code   100  retnan.o(x$fpl$retnan)
    __ARM_scalbn                             0x08006045   Thumb Code    92  scalbn.o(x$fpl$scalbn)
    _scanf_real                              0x080060a1   Thumb Code     4  scanf1.o(x$fpl$scanf1)
    _scanf_hex_real                          0x080060a5   Thumb Code     4  scanf2.o(x$fpl$scanf2)
    _scanf_infnan                            0x080060a9   Thumb Code     4  scanf2.o(x$fpl$scanf2)
    __fpl_cmpreturn                          0x080060ad   Thumb Code    48  trapv.o(x$fpl$trapveneer)
    __I$use$fp                               0x080060dc   Number         0  usenofp.o(x$fpl$usenofp)
    AHBPrescTable                            0x080060ee   Data          16  system_stm32f1xx.o(.constdata)
    APBPrescTable                            0x080060fe   Data           8  system_stm32f1xx.o(.constdata)
    Region$$Table$$Base                      0x0800619c   Number         0  anon$$obj.o(Region$$Table)
    Region$$Table$$Limit                     0x080061bc   Number         0  anon$$obj.o(Region$$Table)
    __aeabi_HUGE_VAL                         0x080061bc   Data           0  fpconst.o(c$$dinf)
    __aeabi_HUGE_VALL                        0x080061bc   Data           0  fpconst.o(c$$dinf)
    __aeabi_INFINITY                         0x080061bc   Data           0  fpconst.o(c$$dinf)
    __dInf                                   0x080061bc   Data           0  fpconst.o(c$$dinf)
    __huge_val                               0x080061bc   Data           0  fpconst.o(c$$dinf)
    __dbl_max                                0x080061c4   Data           0  fpconst.o(c$$dmax)
    __ctype                                  0x080061f5   Data           0  lc_ctype_c.o(locale$$data)
    uart_rx_flag                             0x20000000   Data           1  main.o(.data)
    directionset                             0x20000001   Data           1  main.o(.data)
    HILIM                                    0x20000002   Data           2  main.o(.data)
    LOLIM                                    0x20000004   Data           2  main.o(.data)
    count                                    0x20000008   Data           4  main.o(.data)
    uart_tx_flag                             0x2000000c   Data           4  main.o(.data)
    check                                    0x20000010   Data           4  main.o(.data)
    Distance                                 0x20000014   Data           2  main.o(.data)
    Is_First_Captured                        0x20000018   Data           1  hc_sr04.o(.data)
    No_Object_Counter                        0x20000019   Data           1  hc_sr04.o(.data)
    Distance_Avg                             0x2000001a   Data           2  hc_sr04.o(.data)
    IC_Val1                                  0x2000001c   Data           4  hc_sr04.o(.data)
    IC_Val2                                  0x20000020   Data           4  hc_sr04.o(.data)
    Difference                               0x20000024   Data           4  hc_sr04.o(.data)
    uwTickFreq                               0x20000028   Data           1  stm32f1xx_hal.o(.data)
    uwTickPrio                               0x2000002c   Data           4  stm32f1xx_hal.o(.data)
    uwTick                                   0x20000030   Data           4  stm32f1xx_hal.o(.data)
    SystemCoreClock                          0x20000034   Data           4  system_stm32f1xx.o(.data)
    htim1                                    0x2000003c   Data          72  main.o(.bss)
    htim2                                    0x20000084   Data          72  main.o(.bss)
    htim3                                    0x200000cc   Data          72  main.o(.bss)
    htim4                                    0x20000114   Data          72  main.o(.bss)
    htim5                                    0x2000015c   Data          72  main.o(.bss)
    huart1                                   0x200001a4   Data          72  main.o(.bss)
    motors                                   0x200001ec   Data         512  main.o(.bss)
    received_data                            0x200003ec   Data          25  main.o(.bss)
    aviod_sensor                             0x20000408   Data          16  main.o(.bss)
    value                                    0x20000418   Data          40  main.o(.bss)
    __libspace_start                         0x20000440   Data          96  libspace.o(.bss)
    __temporary_stack_top$libspace           0x200004a0   Data           0  libspace.o(.bss)



==============================================================================

Memory Map of the image

  Image Entry point : 0x08000131

  Load Region LR_IROM1 (Base: 0x08000000, Size: 0x00006334, Max: 0x00040000, ABSOLUTE)

    Execution Region ER_IROM1 (Exec base: 0x08000000, Load base: 0x08000000, Size: 0x000062f8, Max: 0x00040000, ABSOLUTE)

    Exec Addr    Load Addr    Size         Type   Attr      Idx    E Section Name        Object

    0x08000000   0x08000000   0x00000130   Data   RO            3    RESET               startup_stm32f103xe.o
    0x08000130   0x08000130   0x00000008   Code   RO         3304  * !!!main             c_w.l(__main.o)
    0x08000138   0x08000138   0x00000034   Code   RO         3683    !!!scatter          c_w.l(__scatter.o)
    0x0800016c   0x0800016c   0x0000001a   Code   RO         3685    !!handler_copy      c_w.l(__scatter_copy.o)
    0x08000186   0x08000186   0x00000002   PAD
    0x08000188   0x08000188   0x0000001c   Code   RO         3687    !!handler_zi        c_w.l(__scatter_zi.o)
    0x080001a4   0x080001a4   0x00000000   Code   RO         3290    .ARM.Collect$$_printf_percent$$00000000  c_w.l(_printf_percent.o)
    0x080001a4   0x080001a4   0x00000006   Code   RO         3289    .ARM.Collect$$_printf_percent$$00000003  c_w.l(_printf_f.o)
    0x080001aa   0x080001aa   0x00000004   Code   RO         3375    .ARM.Collect$$_printf_percent$$00000017  c_w.l(_printf_percent_end.o)
    0x080001ae   0x080001ae   0x00000002   Code   RO         3494    .ARM.Collect$$libinit$$00000000  c_w.l(libinit.o)
    0x080001b0   0x080001b0   0x00000000   Code   RO         3496    .ARM.Collect$$libinit$$00000002  c_w.l(libinit2.o)
    0x080001b0   0x080001b0   0x00000000   Code   RO         3498    .ARM.Collect$$libinit$$00000004  c_w.l(libinit2.o)
    0x080001b0   0x080001b0   0x00000000   Code   RO         3501    .ARM.Collect$$libinit$$0000000A  c_w.l(libinit2.o)
    0x080001b0   0x080001b0   0x00000000   Code   RO         3503    .ARM.Collect$$libinit$$0000000C  c_w.l(libinit2.o)
    0x080001b0   0x080001b0   0x00000000   Code   RO         3505    .ARM.Collect$$libinit$$0000000E  c_w.l(libinit2.o)
    0x080001b0   0x080001b0   0x00000006   Code   RO         3506    .ARM.Collect$$libinit$$0000000F  c_w.l(libinit2.o)
    0x080001b6   0x080001b6   0x00000000   Code   RO         3508    .ARM.Collect$$libinit$$00000011  c_w.l(libinit2.o)
    0x080001b6   0x080001b6   0x0000000c   Code   RO         3509    .ARM.Collect$$libinit$$00000012  c_w.l(libinit2.o)
    0x080001c2   0x080001c2   0x00000000   Code   RO         3510    .ARM.Collect$$libinit$$00000013  c_w.l(libinit2.o)
    0x080001c2   0x080001c2   0x00000000   Code   RO         3512    .ARM.Collect$$libinit$$00000015  c_w.l(libinit2.o)
    0x080001c2   0x080001c2   0x0000000a   Code   RO         3513    .ARM.Collect$$libinit$$00000016  c_w.l(libinit2.o)
    0x080001cc   0x080001cc   0x00000000   Code   RO         3514    .ARM.Collect$$libinit$$00000017  c_w.l(libinit2.o)
    0x080001cc   0x080001cc   0x00000000   Code   RO         3516    .ARM.Collect$$libinit$$00000019  c_w.l(libinit2.o)
    0x080001cc   0x080001cc   0x00000000   Code   RO         3518    .ARM.Collect$$libinit$$0000001B  c_w.l(libinit2.o)
    0x080001cc   0x080001cc   0x00000000   Code   RO         3520    .ARM.Collect$$libinit$$0000001D  c_w.l(libinit2.o)
    0x080001cc   0x080001cc   0x00000000   Code   RO         3522    .ARM.Collect$$libinit$$0000001F  c_w.l(libinit2.o)
    0x080001cc   0x080001cc   0x00000000   Code   RO         3524    .ARM.Collect$$libinit$$00000021  c_w.l(libinit2.o)
    0x080001cc   0x080001cc   0x00000000   Code   RO         3526    .ARM.Collect$$libinit$$00000023  c_w.l(libinit2.o)
    0x080001cc   0x080001cc   0x00000000   Code   RO         3528    .ARM.Collect$$libinit$$00000025  c_w.l(libinit2.o)
    0x080001cc   0x080001cc   0x00000000   Code   RO         3532    .ARM.Collect$$libinit$$0000002C  c_w.l(libinit2.o)
    0x080001cc   0x080001cc   0x00000000   Code   RO         3534    .ARM.Collect$$libinit$$0000002E  c_w.l(libinit2.o)
    0x080001cc   0x080001cc   0x00000000   Code   RO         3536    .ARM.Collect$$libinit$$00000030  c_w.l(libinit2.o)
    0x080001cc   0x080001cc   0x00000000   Code   RO         3538    .ARM.Collect$$libinit$$00000032  c_w.l(libinit2.o)
    0x080001cc   0x080001cc   0x00000002   Code   RO         3539    .ARM.Collect$$libinit$$00000033  c_w.l(libinit2.o)
    0x080001ce   0x080001ce   0x00000002   Code   RO         3604    .ARM.Collect$$libshutdown$$00000000  c_w.l(libshutdown.o)
    0x080001d0   0x080001d0   0x00000000   Code   RO         3627    .ARM.Collect$$libshutdown$$00000002  c_w.l(libshutdown2.o)
    0x080001d0   0x080001d0   0x00000000   Code   RO         3629    .ARM.Collect$$libshutdown$$00000004  c_w.l(libshutdown2.o)
    0x080001d0   0x080001d0   0x00000000   Code   RO         3632    .ARM.Collect$$libshutdown$$00000007  c_w.l(libshutdown2.o)
    0x080001d0   0x080001d0   0x00000000   Code   RO         3635    .ARM.Collect$$libshutdown$$0000000A  c_w.l(libshutdown2.o)
    0x080001d0   0x080001d0   0x00000000   Code   RO         3637    .ARM.Collect$$libshutdown$$0000000C  c_w.l(libshutdown2.o)
    0x080001d0   0x080001d0   0x00000000   Code   RO         3640    .ARM.Collect$$libshutdown$$0000000F  c_w.l(libshutdown2.o)
    0x080001d0   0x080001d0   0x00000002   Code   RO         3641    .ARM.Collect$$libshutdown$$00000010  c_w.l(libshutdown2.o)
    0x080001d2   0x080001d2   0x00000000   Code   RO         3364    .ARM.Collect$$rtentry$$00000000  c_w.l(__rtentry.o)
    0x080001d2   0x080001d2   0x00000000   Code   RO         3400    .ARM.Collect$$rtentry$$00000002  c_w.l(__rtentry2.o)
    0x080001d2   0x080001d2   0x00000006   Code   RO         3412    .ARM.Collect$$rtentry$$00000004  c_w.l(__rtentry4.o)
    0x080001d8   0x080001d8   0x00000000   Code   RO         3402    .ARM.Collect$$rtentry$$00000009  c_w.l(__rtentry2.o)
    0x080001d8   0x080001d8   0x00000004   Code   RO         3403    .ARM.Collect$$rtentry$$0000000A  c_w.l(__rtentry2.o)
    0x080001dc   0x080001dc   0x00000000   Code   RO         3405    .ARM.Collect$$rtentry$$0000000C  c_w.l(__rtentry2.o)
    0x080001dc   0x080001dc   0x00000008   Code   RO         3406    .ARM.Collect$$rtentry$$0000000D  c_w.l(__rtentry2.o)
    0x080001e4   0x080001e4   0x00000002   Code   RO         3542    .ARM.Collect$$rtexit$$00000000  c_w.l(rtexit.o)
    0x080001e6   0x080001e6   0x00000000   Code   RO         3568    .ARM.Collect$$rtexit$$00000002  c_w.l(rtexit2.o)
    0x080001e6   0x080001e6   0x00000004   Code   RO         3569    .ARM.Collect$$rtexit$$00000003  c_w.l(rtexit2.o)
    0x080001ea   0x080001ea   0x00000006   Code   RO         3570    .ARM.Collect$$rtexit$$00000004  c_w.l(rtexit2.o)
    0x080001f0   0x080001f0   0x00000040   Code   RO            4    .text               startup_stm32f103xe.o
    0x08000230   0x08000230   0x00000034   Code   RO         3265    .text               c_w.l(noretval__2snprintf.o)
    0x08000264   0x08000264   0x0000010e   Code   RO         3277    .text               c_w.l(__printf_wp.o)
    0x08000372   0x08000372   0x00000002   PAD
    0x08000374   0x08000374   0x0000000c   Code   RO         3291    .text               c_w.l(strtok.o)
    0x08000380   0x08000380   0x00000048   Code   RO         3294    .text               c_w.l(strcpy.o)
    0x080003c8   0x080003c8   0x0000003e   Code   RO         3296    .text               c_w.l(strlen.o)
    0x08000406   0x08000406   0x00000018   Code   RO         3298    .text               c_w.l(strcat.o)
    0x0800041e   0x0800041e   0x0000004e   Code   RO         3300    .text               c_w.l(rt_memclr_w.o)
    0x0800046c   0x0800046c   0x00000006   Code   RO         3302    .text               c_w.l(heapauxi.o)
    0x08000472   0x08000472   0x00000016   Code   RO         3365    .text               c_w.l(_rserrno.o)
    0x08000488   0x08000488   0x0000041e   Code   RO         3367    .text               c_w.l(_printf_fp_dec.o)
    0x080008a6   0x080008a6   0x00000002   PAD
    0x080008a8   0x080008a8   0x00000030   Code   RO         3369    .text               c_w.l(_printf_char_common.o)
    0x080008d8   0x080008d8   0x0000000a   Code   RO         3371    .text               c_w.l(_sputc.o)
    0x080008e2   0x080008e2   0x00000010   Code   RO         3373    .text               c_w.l(_snputc.o)
    0x080008f2   0x080008f2   0x00000002   PAD
    0x080008f4   0x080008f4   0x000000a4   Code   RO         3376    .text               c_w.l(strtod.o)
    0x08000998   0x08000998   0x00000044   Code   RO         3378    .text               c_w.l(strtok_int.o)
    0x080009dc   0x080009dc   0x00000008   Code   RO         3417    .text               c_w.l(rt_locale_intlibspace.o)
    0x080009e4   0x080009e4   0x00000008   Code   RO         3422    .text               c_w.l(rt_errno_addr_intlibspace.o)
    0x080009ec   0x080009ec   0x0000008a   Code   RO         3424    .text               c_w.l(lludiv10.o)
    0x08000a76   0x08000a76   0x00000012   Code   RO         3426    .text               c_w.l(isspace.o)
    0x08000a88   0x08000a88   0x00000080   Code   RO         3428    .text               c_w.l(_printf_fp_infnan.o)
    0x08000b08   0x08000b08   0x00000040   Code   RO         3432    .text               c_w.l(_sgetc.o)
    0x08000b48   0x08000b48   0x000000e4   Code   RO         3434    .text               c_w.l(bigflt0.o)
    0x08000c2c   0x08000c2c   0x00000020   Code   RO         3462    .text               c_w.l(strcspn.o)
    0x08000c4c   0x08000c4c   0x0000001c   Code   RO         3464    .text               c_w.l(strspn.o)
    0x08000c68   0x08000c68   0x00000008   Code   RO         3476    .text               c_w.l(libspace.o)
    0x08000c70   0x08000c70   0x0000004a   Code   RO         3479    .text               c_w.l(sys_stackheap_outer.o)
    0x08000cba   0x08000cba   0x00000002   PAD
    0x08000cbc   0x08000cbc   0x00000010   Code   RO         3481    .text               c_w.l(rt_ctype_table.o)
    0x08000ccc   0x08000ccc   0x000004f8   Code   RO         3483    .text               c_w.l(scanf_fp.o)
    0x080011c4   0x080011c4   0x00000012   Code   RO         3485    .text               c_w.l(exit.o)
    0x080011d6   0x080011d6   0x00000002   PAD
    0x080011d8   0x080011d8   0x00000080   Code   RO         3487    .text               c_w.l(strcmpv7m.o)
    0x08001258   0x08001258   0x00000320   Code   RO         3574    .text               c_w.l(scanf_hexfp.o)
    0x08001578   0x08001578   0x00000134   Code   RO         3576    .text               c_w.l(scanf_infnan.o)
    0x080016ac   0x080016ac   0x0000000c   Code   RO         3590    .text               c_w.l(sys_exit.o)
    0x080016b8   0x080016b8   0x00000026   Code   RO         3594    .text               c_w.l(llshl.o)
    0x080016de   0x080016de   0x0000001c   Code   RO         3596    .text               c_w.l(_chval.o)
    0x080016fa   0x080016fa   0x00000002   Code   RO         3617    .text               c_w.l(use_no_semi.o)
    0x080016fc   0x080016fc   0x00000000   Code   RO         3619    .text               c_w.l(indicate_semi.o)
    0x080016fc   0x080016fc   0x0000003e   Code   RO         3437    CL$$btod_d2e        c_w.l(btod.o)
    0x0800173a   0x0800173a   0x00000046   Code   RO         3439    CL$$btod_d2e_denorm_low  c_w.l(btod.o)
    0x08001780   0x08001780   0x00000060   Code   RO         3438    CL$$btod_d2e_norm_op1  c_w.l(btod.o)
    0x080017e0   0x080017e0   0x00000338   Code   RO         3447    CL$$btod_div_common  c_w.l(btod.o)
    0x08001b18   0x08001b18   0x00000084   Code   RO         3445    CL$$btod_e2d        c_w.l(btod.o)
    0x08001b9c   0x08001b9c   0x000000dc   Code   RO         3444    CL$$btod_e2e        c_w.l(btod.o)
    0x08001c78   0x08001c78   0x0000002a   Code   RO         3441    CL$$btod_ediv       c_w.l(btod.o)
    0x08001ca2   0x08001ca2   0x0000002a   Code   RO         3443    CL$$btod_edivd      c_w.l(btod.o)
    0x08001ccc   0x08001ccc   0x0000002a   Code   RO         3440    CL$$btod_emul       c_w.l(btod.o)
    0x08001cf6   0x08001cf6   0x0000002a   Code   RO         3442    CL$$btod_emuld      c_w.l(btod.o)
    0x08001d20   0x08001d20   0x00000244   Code   RO         3446    CL$$btod_mult_common  c_w.l(btod.o)
    0x08001f64   0x08001f64   0x00000002   Code   RO          569    i.BusFault_Handler  stm32f1xx_it.o
    0x08001f66   0x08001f66   0x00000002   Code   RO          570    i.DebugMon_Handler  stm32f1xx_it.o
    0x08001f68   0x08001f68   0x00000008   Code   RO          788    i.Digital_Input     gp_drive.o
    0x08001f70   0x08001f70   0x0000001c   Code   RO           13    i.EXTI0_IRQHandler  front_left.o
    0x08001f8c   0x08001f8c   0x0000001c   Code   RO           14    i.EXTI1_IRQHandler  front_left.o
    0x08001fa8   0x08001fa8   0x000000b4   Code   RO          238    i.EXTI2_IRQHandler  behind_right.o
    0x0800205c   0x0800205c   0x000000b4   Code   RO          239    i.EXTI3_IRQHandler  behind_right.o
    0x08002110   0x08002110   0x0000001c   Code   RO          148    i.EXTI4_IRQHandler  front_right.o
    0x0800212c   0x0800212c   0x00000054   Code   RO          181    i.EXTI9_5_IRQHandler  global.o
    0x08002180   0x08002180   0x00000046   Code   RO         2265    i.HAL_DMA_Abort     stm32f1xx_hal_dma.o
    0x080021c6   0x080021c6   0x00000002   PAD
    0x080021c8   0x080021c8   0x00000130   Code   RO         2266    i.HAL_DMA_Abort_IT  stm32f1xx_hal_dma.o
    0x080022f8   0x080022f8   0x00000024   Code   RO         1891    i.HAL_Delay         stm32f1xx_hal.o
    0x0800231c   0x0800231c   0x00000002   Code   RO         2199    i.HAL_GPIO_EXTI_Callback  stm32f1xx_hal_gpio.o
    0x0800231e   0x0800231e   0x00000002   PAD
    0x08002320   0x08002320   0x00000018   Code   RO         2200    i.HAL_GPIO_EXTI_IRQHandler  stm32f1xx_hal_gpio.o
    0x08002338   0x08002338   0x000001f8   Code   RO         2201    i.HAL_GPIO_Init     stm32f1xx_hal_gpio.o
    0x08002530   0x08002530   0x0000000a   Code   RO         2203    i.HAL_GPIO_ReadPin  stm32f1xx_hal_gpio.o
    0x0800253a   0x0800253a   0x0000000a   Code   RO         2205    i.HAL_GPIO_WritePin  stm32f1xx_hal_gpio.o
    0x08002544   0x08002544   0x0000000c   Code   RO         1895    i.HAL_GetTick       stm32f1xx_hal.o
    0x08002550   0x08002550   0x00000010   Code   RO         1901    i.HAL_IncTick       stm32f1xx_hal.o
    0x08002560   0x08002560   0x00000024   Code   RO         1902    i.HAL_Init          stm32f1xx_hal.o
    0x08002584   0x08002584   0x00000040   Code   RO         1903    i.HAL_InitTick      stm32f1xx_hal.o
    0x080025c4   0x080025c4   0x0000003c   Code   RO          672    i.HAL_MspInit       stm32f1xx_hal_msp.o
    0x08002600   0x08002600   0x0000001a   Code   RO         2361    i.HAL_NVIC_EnableIRQ  stm32f1xx_hal_cortex.o
    0x0800261a   0x0800261a   0x00000002   PAD
    0x0800261c   0x0800261c   0x00000040   Code   RO         2367    i.HAL_NVIC_SetPriority  stm32f1xx_hal_cortex.o
    0x0800265c   0x0800265c   0x00000024   Code   RO         2368    i.HAL_NVIC_SetPriorityGrouping  stm32f1xx_hal_cortex.o
    0x08002680   0x08002680   0x0000012c   Code   RO         2059    i.HAL_RCC_ClockConfig  stm32f1xx_hal_rcc.o
    0x080027ac   0x080027ac   0x00000020   Code   RO         2066    i.HAL_RCC_GetPCLK1Freq  stm32f1xx_hal_rcc.o
    0x080027cc   0x080027cc   0x00000020   Code   RO         2067    i.HAL_RCC_GetPCLK2Freq  stm32f1xx_hal_rcc.o
    0x080027ec   0x080027ec   0x0000004c   Code   RO         2068    i.HAL_RCC_GetSysClockFreq  stm32f1xx_hal_rcc.o
    0x08002838   0x08002838   0x00000320   Code   RO         2071    i.HAL_RCC_OscConfig  stm32f1xx_hal_rcc.o
    0x08002b58   0x08002b58   0x00000028   Code   RO         2372    i.HAL_SYSTICK_Config  stm32f1xx_hal_cortex.o
    0x08002b80   0x08002b80   0x00000002   Code   RO         1617    i.HAL_TIMEx_BreakCallback  stm32f1xx_hal_tim_ex.o
    0x08002b82   0x08002b82   0x00000002   Code   RO         1618    i.HAL_TIMEx_CommutCallback  stm32f1xx_hal_tim_ex.o
    0x08002b84   0x08002b84   0x0000007c   Code   RO         1636    i.HAL_TIMEx_MasterConfigSynchronization  stm32f1xx_hal_tim_ex.o
    0x08002c00   0x08002c00   0x0000005a   Code   RO          913    i.HAL_TIM_Base_Init  stm32f1xx_hal_tim.o
    0x08002c5a   0x08002c5a   0x00000002   PAD
    0x08002c5c   0x08002c5c   0x000000b4   Code   RO          674    i.HAL_TIM_Base_MspInit  stm32f1xx_hal_msp.o
    0x08002d10   0x08002d10   0x0000006c   Code   RO          918    i.HAL_TIM_Base_Start_IT  stm32f1xx_hal_tim.o
    0x08002d7c   0x08002d7c   0x000000dc   Code   RO          922    i.HAL_TIM_ConfigClockSource  stm32f1xx_hal_tim.o
    0x08002e58   0x08002e58   0x000000b4   Code   RO          739    i.HAL_TIM_IC_CaptureCallback  hc_sr04.o
    0x08002f0c   0x08002f0c   0x00000124   Code   RO          949    i.HAL_TIM_IC_ConfigChannel  stm32f1xx_hal_tim.o
    0x08003030   0x08003030   0x0000005a   Code   RO          952    i.HAL_TIM_IC_Init   stm32f1xx_hal_tim.o
    0x0800308a   0x0800308a   0x00000002   Code   RO          954    i.HAL_TIM_IC_MspInit  stm32f1xx_hal_tim.o
    0x0800308c   0x0800308c   0x000000f8   Code   RO          957    i.HAL_TIM_IC_Start_IT  stm32f1xx_hal_tim.o
    0x08003184   0x08003184   0x00000130   Code   RO          961    i.HAL_TIM_IRQHandler  stm32f1xx_hal_tim.o
    0x080032b4   0x080032b4   0x000000b4   Code   RO          675    i.HAL_TIM_MspPostInit  stm32f1xx_hal_msp.o
    0x08003368   0x08003368   0x00000002   Code   RO          964    i.HAL_TIM_OC_DelayElapsedCallback  stm32f1xx_hal_tim.o
    0x0800336a   0x0800336a   0x000000cc   Code   RO          985    i.HAL_TIM_PWM_ConfigChannel  stm32f1xx_hal_tim.o
    0x08003436   0x08003436   0x0000005a   Code   RO          988    i.HAL_TIM_PWM_Init  stm32f1xx_hal_tim.o
    0x08003490   0x08003490   0x0000003c   Code   RO          677    i.HAL_TIM_PWM_MspInit  stm32f1xx_hal_msp.o
    0x080034cc   0x080034cc   0x00000002   Code   RO          991    i.HAL_TIM_PWM_PulseFinishedCallback  stm32f1xx_hal_tim.o
    0x080034ce   0x080034ce   0x00000002   PAD
    0x080034d0   0x080034d0   0x000000b4   Code   RO          993    i.HAL_TIM_PWM_Start  stm32f1xx_hal_tim.o
    0x08003584   0x08003584   0x000001d4   Code   RO          278    i.HAL_TIM_PeriodElapsedCallback  main.o
    0x08003758   0x08003758   0x0000002a   Code   RO         1001    i.HAL_TIM_ReadCapturedValue  stm32f1xx_hal_tim.o
    0x08003782   0x08003782   0x00000002   Code   RO         1004    i.HAL_TIM_TriggerCallback  stm32f1xx_hal_tim.o
    0x08003784   0x08003784   0x00000002   Code   RO         2873    i.HAL_UARTEx_RxEventCallback  stm32f1xx_hal_uart.o
    0x08003786   0x08003786   0x00000002   Code   RO         2887    i.HAL_UART_ErrorCallback  stm32f1xx_hal_uart.o
    0x08003788   0x08003788   0x0000026c   Code   RO         2890    i.HAL_UART_IRQHandler  stm32f1xx_hal_uart.o
    0x080039f4   0x080039f4   0x00000064   Code   RO         2891    i.HAL_UART_Init     stm32f1xx_hal_uart.o
    0x08003a58   0x08003a58   0x00000080   Code   RO          679    i.HAL_UART_MspInit  stm32f1xx_hal_msp.o
    0x08003ad8   0x08003ad8   0x0000001c   Code   RO         2896    i.HAL_UART_Receive_IT  stm32f1xx_hal_uart.o
    0x08003af4   0x08003af4   0x00000030   Code   RO          279    i.HAL_UART_RxCpltCallback  main.o
    0x08003b24   0x08003b24   0x000000a0   Code   RO         2899    i.HAL_UART_Transmit  stm32f1xx_hal_uart.o
    0x08003bc4   0x08003bc4   0x00000002   Code   RO         2902    i.HAL_UART_TxCpltCallback  stm32f1xx_hal_uart.o
    0x08003bc6   0x08003bc6   0x00000002   Code   RO          571    i.HardFault_Handler  stm32f1xx_it.o
    0x08003bc8   0x08003bc8   0x00000148   Code   RO          280    i.MX_GPIO_Init      main.o
    0x08003d10   0x08003d10   0x00000098   Code   RO          281    i.MX_TIM1_Init      main.o
    0x08003da8   0x08003da8   0x0000008c   Code   RO          282    i.MX_TIM2_Init      main.o
    0x08003e34   0x08003e34   0x00000070   Code   RO          283    i.MX_TIM3_Init      main.o
    0x08003ea4   0x08003ea4   0x00000068   Code   RO          284    i.MX_TIM4_Init      main.o
    0x08003f0c   0x08003f0c   0x00000068   Code   RO          285    i.MX_TIM5_Init      main.o
    0x08003f74   0x08003f74   0x00000002   Code   RO          572    i.MemManage_Handler  stm32f1xx_it.o
    0x08003f76   0x08003f76   0x00000002   Code   RO          573    i.NMI_Handler       stm32f1xx_it.o
    0x08003f78   0x08003f78   0x000000f8   Code   RO          286    i.PIDVel            main.o
    0x08004070   0x08004070   0x00000002   Code   RO          574    i.PendSV_Handler    stm32f1xx_it.o
    0x08004072   0x08004072   0x00000002   PAD
    0x08004074   0x08004074   0x00000030   Code   RO          791    i.R_GP              gp_drive.o
    0x080040a4   0x080040a4   0x00000002   Code   RO          575    i.SVC_Handler       stm32f1xx_it.o
    0x080040a6   0x080040a6   0x00000002   PAD
    0x080040a8   0x080040a8   0x0000008c   Code   RO          287    i.SendMotorVelocities  main.o
    0x08004134   0x08004134   0x00000004   Code   RO          576    i.SysTick_Handler   stm32f1xx_it.o
    0x08004138   0x08004138   0x00000060   Code   RO          288    i.SystemClock_Config  main.o
    0x08004198   0x08004198   0x00000002   Code   RO         3225    i.SystemInit        system_stm32f1xx.o
    0x0800419a   0x0800419a   0x00000002   PAD
    0x0800419c   0x0800419c   0x0000000c   Code   RO          577    i.TIM1_CC_IRQHandler  stm32f1xx_it.o
    0x080041a8   0x080041a8   0x0000000c   Code   RO          578    i.TIM4_IRQHandler   stm32f1xx_it.o
    0x080041b4   0x080041b4   0x0000000c   Code   RO          579    i.TIM5_IRQHandler   stm32f1xx_it.o
    0x080041c0   0x080041c0   0x0000009c   Code   RO         1006    i.TIM_Base_SetConfig  stm32f1xx_hal_tim.o
    0x0800425c   0x0800425c   0x0000001a   Code   RO         1007    i.TIM_CCxChannelCmd  stm32f1xx_hal_tim.o
    0x08004276   0x08004276   0x00000014   Code   RO         1017    i.TIM_ETR_SetConfig  stm32f1xx_hal_tim.o
    0x0800428a   0x0800428a   0x00000010   Code   RO         1018    i.TIM_ITRx_SetConfig  stm32f1xx_hal_tim.o
    0x0800429a   0x0800429a   0x00000002   PAD
    0x0800429c   0x0800429c   0x00000060   Code   RO         1019    i.TIM_OC1_SetConfig  stm32f1xx_hal_tim.o
    0x080042fc   0x080042fc   0x0000006c   Code   RO         1020    i.TIM_OC2_SetConfig  stm32f1xx_hal_tim.o
    0x08004368   0x08004368   0x00000068   Code   RO         1021    i.TIM_OC3_SetConfig  stm32f1xx_hal_tim.o
    0x080043d0   0x080043d0   0x00000050   Code   RO         1022    i.TIM_OC4_SetConfig  stm32f1xx_hal_tim.o
    0x08004420   0x08004420   0x00000022   Code   RO         1024    i.TIM_TI1_ConfigInputStage  stm32f1xx_hal_tim.o
    0x08004442   0x08004442   0x00000002   PAD
    0x08004444   0x08004444   0x0000006c   Code   RO         1025    i.TIM_TI1_SetConfig  stm32f1xx_hal_tim.o
    0x080044b0   0x080044b0   0x00000024   Code   RO         1026    i.TIM_TI2_ConfigInputStage  stm32f1xx_hal_tim.o
    0x080044d4   0x080044d4   0x00000036   Code   RO         1027    i.TIM_TI2_SetConfig  stm32f1xx_hal_tim.o
    0x0800450a   0x0800450a   0x00000010   Code   RO         2904    i.UART_DMAAbortOnError  stm32f1xx_hal_uart.o
    0x0800451a   0x0800451a   0x0000004e   Code   RO         2914    i.UART_EndRxTransfer  stm32f1xx_hal_uart.o
    0x08004568   0x08004568   0x000000c2   Code   RO         2916    i.UART_Receive_IT   stm32f1xx_hal_uart.o
    0x0800462a   0x0800462a   0x00000002   PAD
    0x0800462c   0x0800462c   0x000000b8   Code   RO         2917    i.UART_SetConfig    stm32f1xx_hal_uart.o
    0x080046e4   0x080046e4   0x00000036   Code   RO         2919    i.UART_Start_Receive_IT  stm32f1xx_hal_uart.o
    0x0800471a   0x0800471a   0x00000072   Code   RO         2920    i.UART_WaitOnFlagUntilTimeout  stm32f1xx_hal_uart.o
    0x0800478c   0x0800478c   0x0000000c   Code   RO          580    i.USART1_IRQHandler  stm32f1xx_it.o
    0x08004798   0x08004798   0x00000002   Code   RO          581    i.UsageFault_Handler  stm32f1xx_it.o
    0x0800479a   0x0800479a   0x00000028   Code   RO         3474    i.__ARM_fpclassify  m_ws.l(fpclassify.o)
    0x080047c2   0x080047c2   0x0000001a   Code   RO          289    i.__NVIC_EnableIRQ  main.o
    0x080047dc   0x080047dc   0x00000020   Code   RO         2374    i.__NVIC_SetPriority  stm32f1xx_hal_cortex.o
    0x080047fc   0x080047fc   0x0000000e   Code   RO         3646    i.__mathlib_dbl_overflow  m_ws.l(dunder.o)
    0x0800480a   0x0800480a   0x00000002   PAD
    0x0800480c   0x0800480c   0x00000010   Code   RO         3648    i.__mathlib_dbl_underflow  m_ws.l(dunder.o)
    0x0800481c   0x0800481c   0x00000010   Code   RO         3561    i.__mathlib_narrow  m_ws.l(narrow.o)
    0x0800482c   0x0800482c   0x000000bc   Code   RO         3562    i.__mathlib_tofloat  m_ws.l(narrow.o)
    0x080048e8   0x080048e8   0x00000016   Code   RO         3606    i.__support_ldexp   m_ws.l(ldexp.o)
    0x080048fe   0x080048fe   0x0000000e   Code   RO         3279    i._is_digit         c_w.l(__printf_wp.o)
    0x0800490c   0x0800490c   0x0000002a   Code   RO         3359    i.atof              m_ws.l(atof.o)
    0x08004936   0x08004936   0x00000002   PAD
    0x08004938   0x08004938   0x00000028   Code   RO          211    i.behind_left_init  behind_left.o
    0x08004960   0x08004960   0x00000028   Code   RO          240    i.behind_right_init  behind_right.o
    0x08004988   0x08004988   0x00000050   Code   RO          292    i.config_EXTI       main.o
    0x080049d8   0x080049d8   0x00000058   Code   RO         3585    i.frexp             m_ws.l(frexp.o)
    0x08004a30   0x08004a30   0x00000028   Code   RO           15    i.front_left_init   front_left.o
    0x08004a58   0x08004a58   0x00000028   Code   RO          149    i.front_right_init  front_right.o
    0x08004a80   0x08004a80   0x00000084   Code   RO          182    i.handler_encoder_EXTI  global.o
    0x08004b04   0x08004b04   0x00000074   Code   RO          793    i.init_GP           gp_drive.o
    0x08004b78   0x08004b78   0x00000074   Code   RO         3607    i.ldexp             m_ws.l(ldexp.o)
    0x08004bec   0x08004bec   0x00000228   Code   RO          299    i.main              main.o
    0x08004e14   0x08004e14   0x00000090   Code   RO          300    i.process_string    main.o
    0x08004ea4   0x08004ea4   0x00000094   Code   RO         3362    i.round             m_ws.l(round.o)
    0x08004f38   0x08004f38   0x0000002c   Code   RO         3460    locale$$code        c_w.l(lc_numeric_c.o)
    0x08004f64   0x08004f64   0x0000002c   Code   RO         3545    locale$$code        c_w.l(lc_ctype_c.o)
    0x08004f90   0x08004f90   0x00000062   Code   RO         3306    x$fpl$d2f           fz_ws.l(d2f.o)
    0x08004ff2   0x08004ff2   0x00000002   PAD
    0x08004ff4   0x08004ff4   0x00000150   Code   RO         3308    x$fpl$dadd          fz_ws.l(daddsub_clz.o)
    0x08005144   0x08005144   0x00000010   Code   RO         3380    x$fpl$dcheck1       fz_ws.l(dcheck1.o)
    0x08005154   0x08005154   0x00000018   Code   RO         3466    x$fpl$dcmpinf       fz_ws.l(dcmpi.o)
    0x0800516c   0x0800516c   0x000002b0   Code   RO         3315    x$fpl$ddiv          fz_ws.l(ddiv.o)
    0x0800541c   0x0800541c   0x00000078   Code   RO         3582    x$fpl$deqf          fz_ws.l(deqf.o)
    0x08005494   0x08005494   0x0000005e   Code   RO         3318    x$fpl$dfix          fz_ws.l(dfix.o)
    0x080054f2   0x080054f2   0x00000002   PAD
    0x080054f4   0x080054f4   0x0000005a   Code   RO         3322    x$fpl$dfixu         fz_ws.l(dfixu.o)
    0x0800554e   0x0800554e   0x0000002e   Code   RO         3327    x$fpl$dflt          fz_ws.l(dflt_clz.o)
    0x0800557c   0x0800557c   0x00000026   Code   RO         3326    x$fpl$dfltu         fz_ws.l(dflt_clz.o)
    0x080055a2   0x080055a2   0x00000002   PAD
    0x080055a4   0x080055a4   0x00000078   Code   RO         3382    x$fpl$dleqf         fz_ws.l(dleqf.o)
    0x0800561c   0x0800561c   0x00000154   Code   RO         3332    x$fpl$dmul          fz_ws.l(dmul.o)
    0x08005770   0x08005770   0x0000009c   Code   RO         3384    x$fpl$dnaninf       fz_ws.l(dnaninf.o)
    0x0800580c   0x0800580c   0x0000000c   Code   RO         3386    x$fpl$dretinf       fz_ws.l(dretinf.o)
    0x08005818   0x08005818   0x0000006c   Code   RO         3388    x$fpl$drleqf        fz_ws.l(drleqf.o)
    0x08005884   0x08005884   0x000000b4   Code   RO         3390    x$fpl$drnd          fz_ws.l(drnd.o)
    0x08005938   0x08005938   0x00000016   Code   RO         3309    x$fpl$drsb          fz_ws.l(daddsub_clz.o)
    0x0800594e   0x0800594e   0x00000002   PAD
    0x08005950   0x08005950   0x000001d4   Code   RO         3310    x$fpl$dsub          fz_ws.l(daddsub_clz.o)
    0x08005b24   0x08005b24   0x00000056   Code   RO         3334    x$fpl$f2d           fz_ws.l(f2d.o)
    0x08005b7a   0x08005b7a   0x00000002   PAD
    0x08005b7c   0x08005b7c   0x000000c4   Code   RO         3336    x$fpl$fadd          fz_ws.l(faddsub_clz.o)
    0x08005c40   0x08005c40   0x00000018   Code   RO         3392    x$fpl$fcmpinf       fz_ws.l(fcmpi.o)
    0x08005c58   0x08005c58   0x00000030   Code   RO         3343    x$fpl$fflt          fz_ws.l(fflt_clz.o)
    0x08005c88   0x08005c88   0x00000068   Code   RO         3348    x$fpl$fleqf         fz_ws.l(fleqf.o)
    0x08005cf0   0x08005cf0   0x00000102   Code   RO         3350    x$fpl$fmul          fz_ws.l(fmul.o)
    0x08005df2   0x08005df2   0x0000008c   Code   RO         3394    x$fpl$fnaninf       fz_ws.l(fnaninf.o)
    0x08005e7e   0x08005e7e   0x0000000a   Code   RO         3396    x$fpl$fretinf       fz_ws.l(fretinf.o)
    0x08005e88   0x08005e88   0x00000062   Code   RO         3352    x$fpl$frleqf        fz_ws.l(frleqf.o)
    0x08005eea   0x08005eea   0x00000002   PAD
    0x08005eec   0x08005eec   0x000000ea   Code   RO         3338    x$fpl$fsub          fz_ws.l(faddsub_clz.o)
    0x08005fd6   0x08005fd6   0x00000006   Code   RO         3468    x$fpl$ieeestatus    fz_ws.l(istatus.o)
    0x08005fdc   0x08005fdc   0x00000004   Code   RO         3354    x$fpl$printf1       fz_ws.l(printf1.o)
    0x08005fe0   0x08005fe0   0x00000064   Code   RO         3470    x$fpl$retnan        fz_ws.l(retnan.o)
    0x08006044   0x08006044   0x0000005c   Code   RO         3356    x$fpl$scalbn        fz_ws.l(scalbn.o)
    0x080060a0   0x080060a0   0x00000004   Code   RO         3472    x$fpl$scanf1        fz_ws.l(scanf1.o)
    0x080060a4   0x080060a4   0x00000008   Code   RO         3555    x$fpl$scanf2        fz_ws.l(scanf2.o)
    0x080060ac   0x080060ac   0x00000030   Code   RO         3540    x$fpl$trapveneer    fz_ws.l(trapv.o)
    0x080060dc   0x080060dc   0x00000000   Code   RO         3398    x$fpl$usenofp       fz_ws.l(usenofp.o)
    0x080060dc   0x080060dc   0x00000012   Data   RO         2072    .constdata          stm32f1xx_hal_rcc.o
    0x080060ee   0x080060ee   0x00000010   Data   RO         3226    .constdata          system_stm32f1xx.o
    0x080060fe   0x080060fe   0x00000008   Data   RO         3227    .constdata          system_stm32f1xx.o
    0x08006106   0x08006106   0x00000002   PAD
    0x08006108   0x08006108   0x00000094   Data   RO         3435    .constdata          c_w.l(bigflt0.o)
    0x0800619c   0x0800619c   0x00000020   Data   RO         3681    Region$$Table       anon$$obj.o
    0x080061bc   0x080061bc   0x00000008   Data   RO         3549    c$$dinf             fz_ws.l(fpconst.o)
    0x080061c4   0x080061c4   0x00000008   Data   RO         3552    c$$dmax             fz_ws.l(fpconst.o)
    0x080061cc   0x080061cc   0x0000001c   Data   RO         3459    locale$$data        c_w.l(lc_numeric_c.o)
    0x080061e8   0x080061e8   0x00000110   Data   RO         3544    locale$$data        c_w.l(lc_ctype_c.o)


    Execution Region RW_IRAM1 (Exec base: 0x20000000, Load base: 0x080062f8, Size: 0x00000aa0, Max: 0x0000c000, ABSOLUTE)

    Exec Addr    Load Addr    Size         Type   Attr      Idx    E Section Name        Object

    0x20000000   0x080062f8   0x00000014   Data   RW          309    .data               main.o
    0x20000014   0x0800630c   0x00000002   Data   RW          311    .data               main.o
    0x20000016   0x0800630e   0x00000002   PAD
    0x20000018   0x08006310   0x00000010   Data   RW          742    .data               hc_sr04.o
    0x20000028   0x08006320   0x0000000c   Data   RW         1909    .data               stm32f1xx_hal.o
    0x20000034   0x0800632c   0x00000004   Data   RW         3228    .data               system_stm32f1xx.o
    0x20000038   0x08006330   0x00000004   Data   RW         3292    .data               c_w.l(strtok.o)
    0x2000003c        -       0x00000404   Zero   RW          306    .bss                main.o
    0x20000440        -       0x00000060   Zero   RW         3477    .bss                c_w.l(libspace.o)
    0x200004a0        -       0x00000200   Zero   RW            2    HEAP                startup_stm32f103xe.o
    0x200006a0        -       0x00000400   Zero   RW            1    STACK               startup_stm32f103xe.o


==============================================================================

Image component sizes


      Code (inc. data)   RO Data    RW Data    ZI Data      Debug   Object Name

        40         14          0          0          0        471   behind_left.o
       400         42          0          0          0       1802   behind_right.o
        96         22          0          0          0     487372   front_left.o
        68         18          0          0          0        926   front_right.o
       216         14          0          0          0       1180   global.o
       172         28          0          0          0       1845   gp_drive.o
       180         20          0         16          0       1554   hc_sr04.o
      2742        280          0         22       1028     517856   main.o
        64         26        304          0       1536        828   startup_stm32f103xe.o
       164         28          0         12          0       6645   stm32f1xx_hal.o
       198         14          0          0          0      29043   stm32f1xx_hal_cortex.o
       374          8          0          0          0       1883   stm32f1xx_hal_dma.o
       550         48          0          0          0       4743   stm32f1xx_hal_gpio.o
       608         70          0          0          0       3940   stm32f1xx_hal_msp.o
      1240         84         18          0          0       5212   stm32f1xx_hal_rcc.o
      2714        138          0          0          0      21367   stm32f1xx_hal_tim.o
       128         20          0          0          0       2469   stm32f1xx_hal_tim_ex.o
      1554         10          0          0          0      11200   stm32f1xx_hal_uart.o
        68         24          0          0          0       5819   stm32f1xx_it.o
         2          0         24          4          0       1167   system_stm32f1xx.o

    ----------------------------------------------------------------------
     11600        908        380         56       2564    1107322   Object Totals
         0          0         32          0          0          0   (incl. Generated)
        22          0          2          2          0          0   (incl. Padding)

    ----------------------------------------------------------------------

      Code (inc. data)   RO Data    RW Data    ZI Data      Debug   Library Member Name

         8          0          0          0          0         68   __main.o
       284          0          0          0          0        156   __printf_wp.o
         0          0          0          0          0          0   __rtentry.o
        12          0          0          0          0          0   __rtentry2.o
         6          0          0          0          0          0   __rtentry4.o
        52          8          0          0          0          0   __scatter.o
        26          0          0          0          0          0   __scatter_copy.o
        28          0          0          0          0          0   __scatter_zi.o
        28          0          0          0          0         68   _chval.o
        48          6          0          0          0         96   _printf_char_common.o
         6          0          0          0          0          0   _printf_f.o
      1054          0          0          0          0        216   _printf_fp_dec.o
       128         16          0          0          0         84   _printf_fp_infnan.o
         0          0          0          0          0          0   _printf_percent.o
         4          0          0          0          0          0   _printf_percent_end.o
        22          0          0          0          0        100   _rserrno.o
        64          0          0          0          0         84   _sgetc.o
        16          0          0          0          0         68   _snputc.o
        10          0          0          0          0         68   _sputc.o
       228          4        148          0          0         96   bigflt0.o
      2152        136          0          0          0        960   btod.o
        18          0          0          0          0         80   exit.o
         6          0          0          0          0        152   heapauxi.o
         0          0          0          0          0          0   indicate_semi.o
        18          0          0          0          0         76   isspace.o
        44         10        272          0          0         76   lc_ctype_c.o
        44         10         28          0          0         76   lc_numeric_c.o
         2          0          0          0          0          0   libinit.o
        30          0          0          0          0          0   libinit2.o
         2          0          0          0          0          0   libshutdown.o
         2          0          0          0          0          0   libshutdown2.o
         8          4          0          0         96         68   libspace.o
        38          0          0          0          0         68   llshl.o
       138          0          0          0          0         80   lludiv10.o
        52          4          0          0          0         84   noretval__2snprintf.o
        16          4          0          0          0         76   rt_ctype_table.o
         8          4          0          0          0         68   rt_errno_addr_intlibspace.o
         8          4          0          0          0         68   rt_locale_intlibspace.o
        78          0          0          0          0         80   rt_memclr_w.o
         2          0          0          0          0          0   rtexit.o
        10          0          0          0          0          0   rtexit2.o
      1272         16          0          0          0        168   scanf_fp.o
       800         14          0          0          0        100   scanf_hexfp.o
       308         16          0          0          0        100   scanf_infnan.o
        24          0          0          0          0         68   strcat.o
       128          0          0          0          0         68   strcmpv7m.o
        72          0          0          0          0         80   strcpy.o
        32          0          0          0          0         80   strcspn.o
        62          0          0          0          0         76   strlen.o
        28          0          0          0          0         80   strspn.o
       164         14          0          0          0        120   strtod.o
        12          6          0          4          0         68   strtok.o
        68          4          0          0          0         84   strtok_int.o
        12          4          0          0          0         68   sys_exit.o
        74          0          0          0          0         80   sys_stackheap_outer.o
         2          0          0          0          0         68   use_no_semi.o
        98          4          0          0          0         92   d2f.o
       826         16          0          0          0        348   daddsub_clz.o
        16          4          0          0          0         68   dcheck1.o
        24          0          0          0          0         68   dcmpi.o
       688        140          0          0          0        208   ddiv.o
       120          4          0          0          0         92   deqf.o
        94          4          0          0          0         92   dfix.o
        90          4          0          0          0         92   dfixu.o
        84          0          0          0          0        136   dflt_clz.o
       120          4          0          0          0         92   dleqf.o
       340         12          0          0          0        104   dmul.o
       156          4          0          0          0         92   dnaninf.o
        12          0          0          0          0         68   dretinf.o
       108          0          0          0          0         80   drleqf.o
       180          4          0          0          0         80   drnd.o
        86          4          0          0          0         84   f2d.o
       430          8          0          0          0        168   faddsub_clz.o
        24          0          0          0          0         68   fcmpi.o
        48          0          0          0          0         68   fflt_clz.o
       104          4          0          0          0         84   fleqf.o
       258          4          0          0          0         84   fmul.o
       140          4          0          0          0         84   fnaninf.o
         0          0         16          0          0          0   fpconst.o
        10          0          0          0          0         68   fretinf.o
        98          0          0          0          0         68   frleqf.o
         6          0          0          0          0         68   istatus.o
         4          0          0          0          0         68   printf1.o
       100          0          0          0          0         68   retnan.o
        92          0          0          0          0         68   scalbn.o
         4          0          0          0          0         68   scanf1.o
         8          0          0          0          0         84   scanf2.o
        48          0          0          0          0         68   trapv.o
         0          0          0          0          0          0   usenofp.o
        42          0          0          0          0         84   atof.o
        30          6          0          0          0        136   dunder.o
        40          0          0          0          0         68   fpclassify.o
        88          8          0          0          0         76   frexp.o
       138          0          0          0          0        160   ldexp.o
       204          4          0          0          0        168   narrow.o
       148         12          0          0          0         88   round.o

    ----------------------------------------------------------------------
     12892        538        464          4         96       8184   Library Totals
        28          0          0          0          0          0   (incl. Padding)

    ----------------------------------------------------------------------

      Code (inc. data)   RO Data    RW Data    ZI Data      Debug   Library Name

      7758        284        448          4         96       4424   c_w.l
      4416        224         16          0          0       2980   fz_ws.l
       690         30          0          0          0        780   m_ws.l

    ----------------------------------------------------------------------
     12892        538        464          4         96       8184   Library Totals

    ----------------------------------------------------------------------

==============================================================================


      Code (inc. data)   RO Data    RW Data    ZI Data      Debug   

     24492       1446        844         60       2660    1104998   Grand Totals
     24492       1446        844         60       2660    1104998   ELF Image Totals
     24492       1446        844         60          0          0   ROM Totals

==============================================================================

    Total RO  Size (Code + RO Data)                25336 (  24.74kB)
    Total RW  Size (RW Data + ZI Data)              2720 (   2.66kB)
    Total ROM Size (Code + RO Data + RW Data)      25396 (  24.80kB)

==============================================================================

